Archive member included to satisfy reference by file (symbol)

c:/users/administrator/.iotlink/tools/gcc-arm-none-eabi/bin/../lib/gcc/arm-none-eabi/9.2.1/../../../../arm-none-eabi/lib/thumb/v7e-m+fp/hard\libc_nano.a(lib_a-ctype_.o)
                              build/iot_link/cJSON/cJSON.o (_ctype_)
c:/users/administrator/.iotlink/tools/gcc-arm-none-eabi/bin/../lib/gcc/arm-none-eabi/9.2.1/../../../../arm-none-eabi/lib/thumb/v7e-m+fp/hard\libc_nano.a(lib_a-exit.o)
                              c:/users/administrator/.iotlink/tools/gcc-arm-none-eabi/bin/../lib/gcc/arm-none-eabi/9.2.1/../../../../arm-none-eabi/lib/thumb/v7e-m+fp/hard/crt0.o (exit)
c:/users/administrator/.iotlink/tools/gcc-arm-none-eabi/bin/../lib/gcc/arm-none-eabi/9.2.1/../../../../arm-none-eabi/lib/thumb/v7e-m+fp/hard\libc_nano.a(lib_a-fflush.o)
                              build/iot_link/shell/shell_main.o (fflush)
c:/users/administrator/.iotlink/tools/gcc-arm-none-eabi/bin/../lib/gcc/arm-none-eabi/9.2.1/../../../../arm-none-eabi/lib/thumb/v7e-m+fp/hard\libc_nano.a(lib_a-findfp.o)
                              c:/users/administrator/.iotlink/tools/gcc-arm-none-eabi/bin/../lib/gcc/arm-none-eabi/9.2.1/../../../../arm-none-eabi/lib/thumb/v7e-m+fp/hard\libc_nano.a(lib_a-fflush.o) (__sinit)
c:/users/administrator/.iotlink/tools/gcc-arm-none-eabi/bin/../lib/gcc/arm-none-eabi/9.2.1/../../../../arm-none-eabi/lib/thumb/v7e-m+fp/hard\libc_nano.a(lib_a-fwalk.o)
                              c:/users/administrator/.iotlink/tools/gcc-arm-none-eabi/bin/../lib/gcc/arm-none-eabi/9.2.1/../../../../arm-none-eabi/lib/thumb/v7e-m+fp/hard\libc_nano.a(lib_a-findfp.o) (_fwalk)
c:/users/administrator/.iotlink/tools/gcc-arm-none-eabi/bin/../lib/gcc/arm-none-eabi/9.2.1/../../../../arm-none-eabi/lib/thumb/v7e-m+fp/hard\libc_nano.a(lib_a-getchar.o)
                              build/iot_link/shell/shell_main.o (getchar)
c:/users/administrator/.iotlink/tools/gcc-arm-none-eabi/bin/../lib/gcc/arm-none-eabi/9.2.1/../../../../arm-none-eabi/lib/thumb/v7e-m+fp/hard\libc_nano.a(lib_a-impure.o)
                              c:/users/administrator/.iotlink/tools/gcc-arm-none-eabi/bin/../lib/gcc/arm-none-eabi/9.2.1/../../../../arm-none-eabi/lib/thumb/v7e-m+fp/hard\libc_nano.a(lib_a-exit.o) (_global_impure_ptr)
c:/users/administrator/.iotlink/tools/gcc-arm-none-eabi/bin/../lib/gcc/arm-none-eabi/9.2.1/../../../../arm-none-eabi/lib/thumb/v7e-m+fp/hard\libc_nano.a(lib_a-init.o)
                              c:/users/administrator/.iotlink/tools/gcc-arm-none-eabi/bin/../lib/gcc/arm-none-eabi/9.2.1/../../../../arm-none-eabi/lib/thumb/v7e-m+fp/hard/crt0.o (__libc_init_array)
c:/users/administrator/.iotlink/tools/gcc-arm-none-eabi/bin/../lib/gcc/arm-none-eabi/9.2.1/../../../../arm-none-eabi/lib/thumb/v7e-m+fp/hard\libc_nano.a(lib_a-lock.o)
                              c:/users/administrator/.iotlink/tools/gcc-arm-none-eabi/bin/../lib/gcc/arm-none-eabi/9.2.1/../../../../arm-none-eabi/lib/thumb/v7e-m+fp/hard\libc_nano.a(lib_a-findfp.o) (__retarget_lock_init_recursive)
c:/users/administrator/.iotlink/tools/gcc-arm-none-eabi/bin/../lib/gcc/arm-none-eabi/9.2.1/../../../../arm-none-eabi/lib/thumb/v7e-m+fp/hard\libc_nano.a(lib_a-memcmp.o)
                              build/iot_link/at/at.o (memcmp)
c:/users/administrator/.iotlink/tools/gcc-arm-none-eabi/bin/../lib/gcc/arm-none-eabi/9.2.1/../../../../arm-none-eabi/lib/thumb/v7e-m+fp/hard\libc_nano.a(lib_a-memcpy-stub.o)
                              build/iot_link/link_misc/link_string.o (memcpy)
c:/users/administrator/.iotlink/tools/gcc-arm-none-eabi/bin/../lib/gcc/arm-none-eabi/9.2.1/../../../../arm-none-eabi/lib/thumb/v7e-m+fp/hard\libc_nano.a(lib_a-memset.o)
                              c:/users/administrator/.iotlink/tools/gcc-arm-none-eabi/bin/../lib/gcc/arm-none-eabi/9.2.1/../../../../arm-none-eabi/lib/thumb/v7e-m+fp/hard/crt0.o (memset)
c:/users/administrator/.iotlink/tools/gcc-arm-none-eabi/bin/../lib/gcc/arm-none-eabi/9.2.1/../../../../arm-none-eabi/lib/thumb/v7e-m+fp/hard\libc_nano.a(lib_a-nano-vfprintf_float.o)
                              (_printf_float)
c:/users/administrator/.iotlink/tools/gcc-arm-none-eabi/bin/../lib/gcc/arm-none-eabi/9.2.1/../../../../arm-none-eabi/lib/thumb/v7e-m+fp/hard\libc_nano.a(lib_a-nano-vfprintf_i.o)
                              c:/users/administrator/.iotlink/tools/gcc-arm-none-eabi/bin/../lib/gcc/arm-none-eabi/9.2.1/../../../../arm-none-eabi/lib/thumb/v7e-m+fp/hard\libc_nano.a(lib_a-nano-vfprintf_float.o) (_printf_common)
c:/users/administrator/.iotlink/tools/gcc-arm-none-eabi/bin/../lib/gcc/arm-none-eabi/9.2.1/../../../../arm-none-eabi/lib/thumb/v7e-m+fp/hard\libc_nano.a(lib_a-printf.o)
                              build/iot_link/os/osal/osal.o (printf)
c:/users/administrator/.iotlink/tools/gcc-arm-none-eabi/bin/../lib/gcc/arm-none-eabi/9.2.1/../../../../arm-none-eabi/lib/thumb/v7e-m+fp/hard\libc_nano.a(lib_a-putchar.o)
                              build/iot_link/shell/shell_main.o (putchar)
[...]
Memory Configuration

Name             Origin             Length             Attributes
RAM              0x20000000         0x00010000         xrw
FLASH            0x08000000         0x00040000         xr
*default*        0x00000000         0xffffffff

Linker script and memory map

LOAD c:/users/administrator/.iotlink/tools/gcc-arm-none-eabi/bin/../lib/gcc/arm-none-eabi/9.2.1/thumb/v7e-m+fp/hard/crti.o
LOAD c:/users/administrator/.iotlink/tools/gcc-arm-none-eabi/bin/../lib/gcc/arm-none-eabi/9.2.1/thumb/v7e-m+fp/hard/crtbegin.o
LOAD c:/users/administrator/.iotlink/tools/gcc-arm-none-eabi/bin/../lib/gcc/arm-none-eabi/9.2.1/../../../../arm-none-eabi/lib/thumb/v7e-m+fp/hard/crt0.o
LOAD build/iot_link/link_misc/link_string.o
LOAD build/iot_link/link_misc/link_random.o
LOAD build/iot_link/link_misc/link_ring_buffer.o
LOAD build/iot_link/link_log/link_log.o
LOAD build/iot_link/os/osal/osal.o
LOAD build/iot_link/os/liteos/arch/arm/arm-m/armv7-m/los_exc.o
LOAD build/iot_link/os/liteos/arch/arm/arm-m/armv7-m/gcc/los_dispatch.o
LOAD build/iot_link/os/liteos/arch/arm/arm-m/src/los_hw_tick.o
LOAD build/iot_link/os/liteos/arch/arm/arm-m/src/los_hwi.o
LOAD build/iot_link/os/liteos/arch/arm/arm-m/src/los_svc.o
LOAD build/iot_link/os/liteos/arch/arm/arm-m/src/los_mpu.o
LOAD build/iot_link/os/liteos/arch/arm/arm-m/src/los_hw.o
LOAD build/iot_link/os/liteos/cmsis/cmsis_liteos.o
LOAD build/iot_link/os/liteos/utils/rbtree.o
LOAD build/iot_link/os/liteos/liteos_errno.o
LOAD build/iot_link/os/liteos/newlib_stub.o
LOAD build/iot_link/os/liteos/liteos_imp.o
LOAD build/iot_link/os/liteos/malloc.o
LOAD build/iot_link/os/liteos/los_init.o
LOAD build/iot_link/os/liteos/base/core/los_tick.o
LOAD build/iot_link/os/liteos/base/core/los_sys.o
LOAD build/iot_link/os/liteos/base/core/los_timeslice.o
LOAD build/iot_link/os/liteos/base/core/los_task.o
LOAD build/iot_link/os/liteos/base/core/los_priqueue.o
LOAD build/iot_link/os/liteos/base/core/los_swtmr.o
LOAD build/iot_link/os/liteos/base/ipc/los_queue.o
LOAD build/iot_link/os/liteos/base/ipc/los_event.o
LOAD build/iot_link/os/liteos/base/ipc/los_sem.o
LOAD build/iot_link/os/liteos/base/ipc/los_rwlock.o
LOAD build/iot_link/os/liteos/base/ipc/los_mux.o
LOAD build/iot_link/os/liteos/base/mem/heap/los_memory.o
LOAD build/iot_link/os/liteos/base/mem/heap/los_heap.o
LOAD build/iot_link/os/liteos/base/mem/membox/los_membox.o
LOAD build/iot_link/os/liteos/base/mem/common/los_slab.o
LOAD build/iot_link/os/liteos/base/mem/common/los_slabmem.o
LOAD build/iot_link/os/liteos/base/mem/common/los_memcheck.o
LOAD build/iot_link/os/liteos/base/misc/los_misc.o
LOAD build/iot_link/os/liteos/base/om/los_err.o
LOAD build/iot_link/os/liteos/extended/tickless/los_tickless.o
LOAD build/iot_link/shell/shell_cmd.o
LOAD build/iot_link/shell/shell_main.o
LOAD build/iot_link/shell/shell_test.o
LOAD build/iot_link/stimer/stimer.o
LOAD build/iot_link/queue/queue.o
LOAD build/iot_link/driver/driver.o
LOAD build/iot_link/at/at.o
LOAD build/iot_link/cJSON/cJSON.o
LOAD build/iot_link/crc/crc32.o
LOAD build/iot_link/crc/crc8.o
LOAD build/iot_link/crc/crc16.o
LOAD build/iot_link/oc/oc_lwm2m/oc_lwm2m_al/oc_lwm2m_al.o
LOAD build/iot_link/oc/oc_lwm2m/boudica150_oc/boudica150_oc.o
LOAD build/iot_link/storage/storage.o
LOAD build/iot_link/storage/partition.o
LOAD build/iot_link/demos/app_demo_main.o
LOAD build/iot_link/link_main.o
LOAD build/drivers/third_party/ST/STM32L4xx_HAL_Driver/Src/stm32l4xx_hal_flash.o
LOAD build/drivers/third_party/ST/STM32L4xx_HAL_Driver/Src/stm32l4xx_hal_tim_ex.o
LOAD build/drivers/third_party/ST/STM32L4xx_HAL_Driver/Src/stm32l4xx_hal_rcc.o
LOAD build/drivers/third_party/ST/STM32L4xx_HAL_Driver/Src/stm32l4xx_hal_pwr_ex.o
LOAD build/drivers/third_party/ST/STM32L4xx_HAL_Driver/Src/stm32l4xx_hal_pwr.o
LOAD build/drivers/third_party/ST/STM32L4xx_HAL_Driver/Src/stm32l4xx_hal_gpio.o
LOAD build/drivers/third_party/ST/STM32L4xx_HAL_Driver/Src/stm32l4xx_hal_rcc_ex.o
LOAD build/drivers/third_party/ST/STM32L4xx_HAL_Driver/Src/stm32l4xx_hal_flash_ex.o
LOAD build/drivers/third_party/ST/STM32L4xx_HAL_Driver/Src/stm32l4xx_hal_flash_ramfunc.o
LOAD build/drivers/third_party/ST/STM32L4xx_HAL_Driver/Src/stm32l4xx_hal_cortex.o
LOAD build/drivers/third_party/ST/STM32L4xx_HAL_Driver/Src/stm32l4xx_hal_uart.o
LOAD build/drivers/third_party/ST/STM32L4xx_HAL_Driver/Src/stm32l4xx_hal_uart_ex.o
LOAD build/drivers/third_party/ST/STM32L4xx_HAL_Driver/Src/stm32l4xx_hal.o
LOAD build/drivers/third_party/ST/STM32L4xx_HAL_Driver/Src/stm32l4xx_hal_tim.o
LOAD build/drivers/third_party/ST/STM32L4xx_HAL_Driver/Src/stm32l4xx_hal_spi.o
LOAD build/drivers/third_party/ST/STM32L4xx_HAL_Driver/Src/stm32l4xx_hal_i2c.o
LOAD build/drivers/third_party/ST/STM32L4xx_HAL_Driver/Src/stm32l4xx_hal_i2c_ex.o
LOAD build/drivers/third_party/ST/STM32L4xx_HAL_Driver/Src/stm32l4xx_hal_iwdg.o
LOAD build/drivers/third_party/ST/STM32L4xx_HAL_Driver/Src/stm32l4xx_hal_adc.o
LOAD build/drivers/third_party/ST/STM32L4xx_HAL_Driver/Src/stm32l4xx_hal_dma.o
LOAD build/drivers/third_party/ST/STM32L4xx_HAL_Driver/Src/stm32l4xx_hal_dma_ex.o
LOAD build/drivers/third_party/ST/STM32L4xx_HAL_Driver/Src/stm32l4xx_hal_rng.o
LOAD build/Hardware/Src/hal_iwdg.o
LOAD build/Hardware/Src/hal_rng.o
LOAD build/Hardware/Src/hal_qspi_flash.o
LOAD build/Hardware/LCD/lcd.o
LOAD build/Src/main.o
LOAD build/Src/system_stm32l4xx.o
LOAD build/Src/stm32l4xx_it.o
LOAD build/Src/sys_init.o
LOAD build/Src/usart.o
LOAD build/Src/uart_debug.o
LOAD build/Src/dwt.o
LOAD build/Src/i2c.o
LOAD build/Src/spi.o
LOAD build/Src/gpio.o
LOAD build/Src/Huawei_IoT_QR_Code.o
LOAD build/uart_at/uart_at.o
LOAD build/Demos/hello_world_demo/hello_world_demo.o
LOAD build/iot_link/os/liteos/arch/arm/arm-m/armv7-m/gcc/los_startup.o
LOAD c:/users/administrator/.iotlink/tools/gcc-arm-none-eabi/bin/../lib/gcc/arm-none-eabi/9.2.1/../../../../arm-none-eabi/lib/thumb/v7e-m+fp/hard\libc_nano.a
LOAD c:/users/administrator/.iotlink/tools/gcc-arm-none-eabi/bin/../lib/gcc/arm-none-eabi/9.2.1/../../../../arm-none-eabi/lib/thumb/v7e-m+fp/hard\libm.a
LOAD c:/users/administrator/.iotlink/tools/gcc-arm-none-eabi/bin/../lib/gcc/arm-none-eabi/9.2.1/../../../../arm-none-eabi/lib/thumb/v7e-m+fp/hard\libnosys.a
START GROUP
LOAD c:/users/administrator/.iotlink/tools/gcc-arm-none-eabi/bin/../lib/gcc/arm-none-eabi/9.2.1/thumb/v7e-m+fp/hard\libgcc.a
LOAD c:/users/administrator/.iotlink/tools/gcc-arm-none-eabi/bin/../lib/gcc/arm-none-eabi/9.2.1/../../../../arm-none-eabi/lib/thumb/v7e-m+fp/hard\libc_nano.a
END GROUP
START GROUP
LOAD c:/users/administrator/.iotlink/tools/gcc-arm-none-eabi/bin/../lib/gcc/arm-none-eabi/9.2.1/thumb/v7e-m+fp/hard\libgcc.a
LOAD c:/users/administrator/.iotlink/tools/gcc-arm-none-eabi/bin/../lib/gcc/arm-none-eabi/9.2.1/../../../../arm-none-eabi/lib/thumb/v7e-m+fp/hard\libc_nano.a
END GROUP
LOAD c:/users/administrator/.iotlink/tools/gcc-arm-none-eabi/bin/../lib/gcc/arm-none-eabi/9.2.1/thumb/v7e-m+fp/hard/crtend.o
LOAD c:/users/administrator/.iotlink/tools/gcc-arm-none-eabi/bin/../lib/gcc/arm-none-eabi/9.2.1/thumb/v7e-m+fp/hard/crtn.o
                0x20010000                _estack = 0x20010000
                0x00000200                _Min_Heap_Size = 0x200
                0x00000400                _Min_Stack_Size = 0x400

.isr_vector     0x08000000      0x400
                0x08000000                . = ALIGN (0x8)
 *(.isr_vector)
 .isr_vector    0x08000000      0x400 build/iot_link/os/liteos/arch/arm/arm-m/src/los_hwi.o
                0x08000000                g_pstHwiForm
                0x08000400                . = ALIGN (0x8)

.text           0x08000400     0xfa48
                0x08000400                . = ALIGN (0x8)
 *(.text)
 .text          0x08000400       0x40 c:/users/administrator/.iotlink/tools/gcc-arm-none-eabi/bin/../lib/gcc/arm-none-eabi/9.2.1/thumb/v7e-m+fp/hard/crtbegin.o
 .text          0x08000440       0x60 build/iot_link/os/liteos/arch/arm/arm-m/armv7-m/gcc/los_startup.o
                0x08000440                Reset_Handler
 .text          0x080004a0       0x14 c:/users/administrator/.iotlink/tools/gcc-arm-none-eabi/bin/../lib/gcc/arm-none-eabi/9.2.1/../../../../arm-none-eabi/lib/thumb/v7e-m+fp/hard\libc_nano.a(lib_a-strcmp.o)
                0x080004a0                strcmp
 .text          0x080004b4       0x10 c:/users/administrator/.iotlink/tools/gcc-arm-none-eabi/bin/../lib/gcc/arm-none-eabi/9.2.1/../../../../arm-none-eabi/lib/thumb/v7e-m+fp/hard\libc_nano.a(lib_a-strlen.o)
                0x080004b4                strlen
 *fill*         0x080004c4        0xc 
 .text          0x080004d0       0xa0 c:/users/administrator/.iotlink/tools/gcc-arm-none-eabi/bin/../lib/gcc/arm-none-eabi/9.2.1/../../../../arm-none-eabi/lib/thumb/v7e-m+fp/hard\libc_nano.a(lib_a-memchr.o)
                0x080004d0                memchr
 .text          0x08000570      0x378 c:/users/administrator/.iotlink/tools/gcc-arm-none-eabi/bin/../lib/gcc/arm-none-eabi/9.2.1/thumb/v7e-m+fp/hard\libgcc.a(_arm_addsubdf3.o)
                0x08000570                __aeabi_drsub
                0x08000578                __aeabi_dsub
                0x08000578                __subdf3
                0x0800057c                __aeabi_dadd
                0x0800057c                __adddf3
                0x080007f4                __floatunsidf
                0x080007f4                __aeabi_ui2d
                0x08000814                __floatsidf
                0x08000814                __aeabi_i2d
                0x08000838                __aeabi_f2d
                0x08000838                __extendsfdf2
                0x0800087c                __floatundidf
                0x0800087c                __aeabi_ul2d
                0x0800088c                __floatdidf
                0x0800088c                __aeabi_l2d
 .text          0x080008e8      0x424 c:/users/administrator/.iotlink/tools/gcc-arm-none-eabi/bin/../lib/gcc/arm-none-eabi/9.2.1/thumb/v7e-m+fp/hard\libgcc.a(_arm_muldivdf3.o)
                0x080008e8                __aeabi_dmul
                0x080008e8                __muldf3
                0x08000b3c                __divdf3
                0x08000b3c                __aeabi_ddiv
 .text          0x08000d0c      0x110 c:/users/administrator/.iotlink/tools/gcc-arm-none-eabi/bin/../lib/gcc/arm-none-eabi/9.2.1/thumb/v7e-m+fp/hard\libgcc.a(_arm_cmpdf2.o)
                0x08000d0c                __gtdf2
                0x08000d0c                __gedf2
                0x08000d14                __ltdf2
                0x08000d14                __ledf2
                0x08000d1c                __nedf2
                0x08000d1c                __eqdf2
                0x08000d1c                __cmpdf2
                0x08000d98                __aeabi_cdrcmple
                0x08000da8                __aeabi_cdcmpeq
                0x08000da8                __aeabi_cdcmple
                0x08000db8                __aeabi_dcmpeq
                0x08000dcc                __aeabi_dcmplt
                0x08000de0                __aeabi_dcmple
                0x08000df4                __aeabi_dcmpge
                0x08000e08                __aeabi_dcmpgt
 .text          0x08000e1c       0x2c c:/users/administrator/.iotlink/tools/gcc-arm-none-eabi/bin/../lib/gcc/arm-none-eabi/9.2.1/thumb/v7e-m+fp/hard\libgcc.a(_arm_unorddf2.o)
                0x08000e1c                __unorddf2
                0x08000e1c                __aeabi_dcmpun
 .text          0x08000e48       0x50 c:/users/administrator/.iotlink/tools/gcc-arm-none-eabi/bin/../lib/gcc/arm-none-eabi/9.2.1/thumb/v7e-m+fp/hard\libgcc.a(_arm_fixdfsi.o)
                0x08000e48                __aeabi_d2iz
                0x08000e48                __fixdfsi
 .text          0x08000e98       0x30 c:/users/administrator/.iotlink/tools/gcc-arm-none-eabi/bin/../lib/gcc/arm-none-eabi/9.2.1/thumb/v7e-m+fp/hard\libgcc.a(_aeabi_uldivmod.o)
                0x08000e98                __aeabi_uldivmod
 .text          0x08000ec8      0x2c4 c:/users/administrator/.iotlink/tools/gcc-arm-none-eabi/bin/../lib/gcc/arm-none-eabi/9.2.1/thumb/v7e-m+fp/hard\libgcc.a(_udivmoddi4.o)
                0x08000ec8                __udivmoddi4
 .text          0x0800118c        0x4 c:/users/administrator/.iotlink/tools/gcc-arm-none-eabi/bin/../lib/gcc/arm-none-eabi/9.2.1/thumb/v7e-m+fp/hard\libgcc.a(_dvmd_tls.o)
                0x0800118c                __aeabi_idiv0
                0x0800118c                __aeabi_ldiv0
 *(.text*)
 .text.string_to_arg
                0x08001190       0xb8 build/iot_link/link_misc/link_string.o
                0x08001190                string_to_arg
 .text.ring_buffer_init
                0x08001248       0x48 build/iot_link/link_misc/link_ring_buffer.o
                0x08001248                ring_buffer_init
 .text.ring_buffer_write
                0x08001290      0x170 build/iot_link/link_misc/link_ring_buffer.o
                0x08001290                ring_buffer_write
 .text.ring_buffer_read
                0x08001400      0x112 build/iot_link/link_misc/link_ring_buffer.o
                0x08001400                ring_buffer_read
 .text.ring_buffer_datalen
                0x08001512       0x28 build/iot_link/link_misc/link_ring_buffer.o
                0x08001512                ring_buffer_datalen
 .text.ring_buffer_reset
                0x0800153a       0x32 build/iot_link/link_misc/link_ring_buffer.o
                0x0800153a                ring_buffer_reset
 .text.link_log_level_get
                0x0800156c       0x18 build/iot_link/link_log/link_log.o
                0x0800156c                link_log_level_get
 .text.link_log_level_name
                0x08001584       0x30 build/iot_link/link_log/link_log.o
                0x08001584                link_log_level_name
 .text.osal_install
                0x080015b4       0x34 build/iot_link/os/osal/osal.o
                0x080015b4                osal_install
 .text.osal_task_create
                0x080015e8       0x5c build/iot_link/os/osal/osal.o
                0x080015e8                osal_task_create
 .text.osal_task_sleep
                0x08001644       0x40 build/iot_link/os/osal/osal.o
                0x08001644                osal_task_sleep
 .text.osal_mutex_create
                0x08001684       0x48 build/iot_link/os/osal/osal.o
                0x08001684                osal_mutex_create
 .text.osal_mutex_lock
                0x080016cc       0x48 build/iot_link/os/osal/osal.o
                0x080016cc                osal_mutex_lock
 .text.osal_mutex_unlock
                0x08001714       0x48 build/iot_link/os/osal/osal.o
                0x08001714                osal_mutex_unlock
 .text.osal_mutex_del
                0x0800175c       0x48 build/iot_link/os/osal/osal.o
                0x0800175c                osal_mutex_del
 .text.osal_semp_create
                0x080017a4       0x50 build/iot_link/os/osal/osal.o
                0x080017a4                osal_semp_create
 .text.osal_semp_pend
                0x080017f4       0x4c build/iot_link/os/osal/osal.o
                0x080017f4                osal_semp_pend
 .text.osal_semp_post
                0x08001840       0x48 build/iot_link/os/osal/osal.o
                0x08001840                osal_semp_post
 .text.osal_semp_del
                0x08001888       0x48 build/iot_link/os/osal/osal.o
                0x08001888                osal_semp_del
 .text.osal_malloc
                0x080018d0       0x48 build/iot_link/os/osal/osal.o
                0x080018d0                osal_malloc
 .text.osal_free
                0x08001918       0x48 build/iot_link/os/osal/osal.o
                0x08001918                osal_free
 .text.osal_realloc
                0x08001960       0x4c build/iot_link/os/osal/osal.o
                0x08001960                osal_realloc
 .text.osal_calloc
                0x080019ac       0x3c build/iot_link/os/osal/osal.o
                0x080019ac                osal_calloc
 .text.osal_sys_time
                0x080019e8       0x50 build/iot_link/os/osal/osal.o
                0x080019e8                osal_sys_time
 .text.osal_reboot
                0x08001a38       0x44 build/iot_link/os/osal/osal.o
                0x08001a38                osal_reboot
 .text.osal_init
                0x08001a7c       0x1c build/iot_link/os/osal/osal.o
                0x08001a7c                osal_init
 .text.LOS_StartToRun
                0x08001a98       0x68 build/iot_link/os/liteos/arch/arm/arm-m/armv7-m/gcc/los_dispatch.o
                0x08001a98                LOS_StartToRun
 .text.LOS_IntLock
                0x08001b00        0xc build/iot_link/os/liteos/arch/arm/arm-m/armv7-m/gcc/los_dispatch.o
                0x08001b00                LOS_IntLock
 .text.LOS_IntRestore
                0x08001b0c        0x8 build/iot_link/os/liteos/arch/arm/arm-m/armv7-m/gcc/los_dispatch.o
                0x08001b0c                LOS_IntRestore
 .text.osTaskSchedule
                0x08001b14       0x10 build/iot_link/os/liteos/arch/arm/arm-m/armv7-m/gcc/los_dispatch.o
                0x08001b14                osTaskSchedule
 .text.PendSV_Handler
                0x08001b24       0x74 build/iot_link/os/liteos/arch/arm/arm-m/armv7-m/gcc/los_dispatch.o
                0x08001b24                PendSV_Handler
 .text.__NVIC_SetPriority
                0x08001b98       0x54 build/iot_link/os/liteos/arch/arm/arm-m/src/los_hw_tick.o
 .text.SysTick_Config
                0x08001bec       0x44 build/iot_link/os/liteos/arch/arm/arm-m/src/los_hw_tick.o
 .text.osTickStart
                0x08001c30       0x9c build/iot_link/os/liteos/arch/arm/arm-m/src/los_hw_tick.o
                0x08001c30                osTickStart
 .text.__NVIC_SetPriorityGrouping
                0x08001ccc       0x48 build/iot_link/os/liteos/arch/arm/arm-m/src/los_hwi.o
 .text.__NVIC_EnableIRQ
                0x08001d14       0x3c build/iot_link/os/liteos/arch/arm/arm-m/src/los_hwi.o
 .text.__NVIC_SetPriority
                0x08001d50       0x54 build/iot_link/os/liteos/arch/arm/arm-m/src/los_hwi.o
 .text.osIntNumGet
                0x08001da4       0x1a build/iot_link/os/liteos/arch/arm/arm-m/src/los_hwi.o
                0x08001da4                osIntNumGet
 *fill*         0x08001dbe        0x2 
 .text.osHwiDefaultHandler
                0x08001dc0       0x28 build/iot_link/os/liteos/arch/arm/arm-m/src/los_hwi.o
                0x08001dc0                osHwiDefaultHandler
 .text.Debug_Handler
                0x08001de8        0xc build/iot_link/os/liteos/arch/arm/arm-m/src/los_hwi.o
                0x08001de8                Debug_Handler
 .text.osInterrupt
                0x08001df4       0x6c build/iot_link/os/liteos/arch/arm/arm-m/src/los_hwi.o
                0x08001df4                osInterrupt
 .text.osHwiInit
                0x08001e60       0x1c build/iot_link/os/liteos/arch/arm/arm-m/src/los_hwi.o
                0x08001e60                osHwiInit
 .text.LOS_HwiCreate
                0x08001e7c       0x84 build/iot_link/os/liteos/arch/arm/arm-m/src/los_hwi.o
                0x08001e7c                LOS_HwiCreate
 .text.osSchedule
                0x08001f00        0xc build/iot_link/os/liteos/arch/arm/arm-m/src/los_hw.o
                0x08001f00                osSchedule
 .text.LOS_Schedule
                0x08001f0c       0x4c build/iot_link/os/liteos/arch/arm/arm-m/src/los_hw.o
                0x08001f0c                LOS_Schedule
 .text.osTaskExit
                0x08001f58        0xa build/iot_link/os/liteos/arch/arm/arm-m/src/los_hw.o
                0x08001f58                osTaskExit
 *fill*         0x08001f62        0x2 
 .text.osTskStackInit
                0x08001f64       0xdc build/iot_link/os/liteos/arch/arm/arm-m/src/los_hw.o
                0x08001f64                osTskStackInit
 .text.osTskStackAlloc
                0x08002040       0x44 build/iot_link/os/liteos/arch/arm/arm-m/src/los_hw.o
                0x08002040                osTskStackAlloc
 .text.osKernelGetTickCount
                0x08002084       0x48 build/iot_link/os/liteos/cmsis/cmsis_liteos.o
                0x08002084                osKernelGetTickCount
 .text._malloc_r
                0x080020cc       0x1a build/iot_link/os/liteos/newlib_stub.o
                0x080020cc                _malloc_r
 .text._realloc_r
                0x080020e6       0x20 build/iot_link/os/liteos/newlib_stub.o
                0x080020e6                _realloc_r
 .text._calloc_r
                0x08002106       0x1e build/iot_link/os/liteos/newlib_stub.o
                0x08002106                _calloc_r
 .text._free_r  0x08002124       0x18 build/iot_link/os/liteos/newlib_stub.o
                0x08002124                _free_r
 .text.__task_sleep
                0x0800213c       0x18 build/iot_link/os/liteos/liteos_imp.o
 .text.__task_create
                0x08002154       0x64 build/iot_link/os/liteos/liteos_imp.o
 .text.__task_kill
                0x080021b8       0x32 build/iot_link/os/liteos/liteos_imp.o
 .text.__task_exit
                0x080021ea       0x1a build/iot_link/os/liteos/liteos_imp.o
 .text.__mutex_create
                0x08002204       0x22 build/iot_link/os/liteos/liteos_imp.o
 .text.__mutex_lock
                0x08002226       0x28 build/iot_link/os/liteos/liteos_imp.o
 .text.__mutex_unlock
                0x0800224e       0x24 build/iot_link/os/liteos/liteos_imp.o
 .text.__mutex_del
                0x08002272       0x24 build/iot_link/os/liteos/liteos_imp.o
 .text.__semp_create
                0x08002296       0x30 build/iot_link/os/liteos/liteos_imp.o
 .text.__semp_pend
                0x080022c6       0x36 build/iot_link/os/liteos/liteos_imp.o
 .text.__semp_post
                0x080022fc       0x24 build/iot_link/os/liteos/liteos_imp.o
 .text.__semp_del
                0x08002320       0x24 build/iot_link/os/liteos/liteos_imp.o
 .text.__mem_malloc
                0x08002344       0x30 build/iot_link/os/liteos/liteos_imp.o
 .text.__mem_free
                0x08002374       0x20 build/iot_link/os/liteos/liteos_imp.o
 .text.los_mem_realloc
                0x08002394       0x28 build/iot_link/os/liteos/liteos_imp.o
                0x08002394                los_mem_realloc
 .text.__get_sys_time
                0x080023bc       0x12 build/iot_link/os/liteos/liteos_imp.o
 .text.liteos_reboot
                0x080023ce       0x10 build/iot_link/os/liteos/liteos_imp.o
                0x080023ce                liteos_reboot
 .text.__int_connect
                0x080023de       0x2c build/iot_link/os/liteos/liteos_imp.o
 *fill*         0x0800240a        0x2 
 .text.os_imp_init
                0x0800240c       0x24 build/iot_link/os/liteos/liteos_imp.o
                0x0800240c                os_imp_init
 .text.free     0x08002430       0x16 build/iot_link/os/liteos/malloc.o
                0x08002430                free
 .text.malloc   0x08002446       0x18 build/iot_link/os/liteos/malloc.o
                0x08002446                malloc
 .text.calloc   0x0800245e       0x1c build/iot_link/os/liteos/malloc.o
                0x0800245e                calloc
 .text.realloc  0x0800247a       0x1c build/iot_link/os/liteos/malloc.o
                0x0800247a                realloc
 *fill*         0x08002496        0x2 
 .text.osRegister
                0x08002498       0x18 build/iot_link/os/liteos/los_init.o
 .text.LOS_Start
                0x080024b0       0x38 build/iot_link/os/liteos/los_init.o
                0x080024b0                LOS_Start
 .text.LOS_KernelInit
                0x080024e8       0xb8 build/iot_link/os/liteos/los_init.o
                0x080024e8                LOS_KernelInit
 .text.osTickHandler
                0x080025a0       0x44 build/iot_link/os/liteos/base/core/los_tick.o
                0x080025a0                osTickHandler
 .text.LOS_TickCountGet
                0x080025e4       0x1c build/iot_link/os/liteos/base/core/los_sys.o
                0x080025e4                LOS_TickCountGet
 .text.osTimesliceInit
                0x08002600       0x20 build/iot_link/os/liteos/base/core/los_timeslice.o
                0x08002600                osTimesliceInit
 .text.osTimesliceCheck
                0x08002620       0x5c build/iot_link/os/liteos/base/core/los_timeslice.o
                0x08002620                osTimesliceCheck
 .text.LOS_ListInit
                0x0800267c       0x20 build/iot_link/os/liteos/base/core/los_task.o
 .text.LOS_ListAdd
                0x0800269c       0x32 build/iot_link/os/liteos/base/core/los_task.o
 .text.LOS_ListTailInsert
                0x080026ce       0x1e build/iot_link/os/liteos/base/core/los_task.o
 .text.LOS_ListDelete
                0x080026ec       0x34 build/iot_link/os/liteos/base/core/los_task.o
 .text.LOS_ListEmpty
                0x08002720       0x24 build/iot_link/os/liteos/base/core/los_task.o
 .text.osIdleTask
                0x08002744        0x6 build/iot_link/os/liteos/base/core/los_task.o
                0x08002744                osIdleTask
 .text.osTaskPriModify
                0x0800274a       0x66 build/iot_link/os/liteos/base/core/los_task.o
                0x0800274a                osTaskPriModify
 .text.osTaskAdd2TimerList
                0x080027b0      0x110 build/iot_link/os/liteos/base/core/los_task.o
                0x080027b0                osTaskAdd2TimerList
 .text.osTimerListDelete
                0x080028c0       0x64 build/iot_link/os/liteos/base/core/los_task.o
                0x080028c0                osTimerListDelete
 .text.osTaskScan
                0x08002924      0x14c build/iot_link/os/liteos/base/core/los_task.o
                0x08002924                osTaskScan
 .text.osConvertTskStatus
                0x08002a70       0xbc build/iot_link/os/liteos/base/core/los_task.o
                0x08002a70                osConvertTskStatus
 .text.osGetTaskWaterLine
                0x08002b2c       0x88 build/iot_link/os/liteos/base/core/los_task.o
                0x08002b2c                osGetTaskWaterLine
 .text.osGetAllTskInfo
                0x08002bb4       0xfc build/iot_link/os/liteos/base/core/los_task.o
                0x08002bb4                osGetAllTskInfo
 .text.osTaskInit
                0x08002cb0      0x130 build/iot_link/os/liteos/base/core/los_task.o
                0x08002cb0                osTaskInit
 .text.osIdleTaskCreate
                0x08002de0       0x50 build/iot_link/os/liteos/base/core/los_task.o
                0x08002de0                osIdleTaskCreate
 .text.LOS_CurTaskIDGet
                0x08002e30       0x28 build/iot_link/os/liteos/base/core/los_task.o
                0x08002e30                LOS_CurTaskIDGet
 .text.osTaskSwitchCheck
                0x08002e58      0x128 build/iot_link/os/liteos/base/core/los_task.o
                0x08002e58                osTaskSwitchCheck
 .text.osTaskMonInit
                0x08002f80       0x38 build/iot_link/os/liteos/base/core/los_task.o
                0x08002f80                osTaskMonInit
 .text.osTaskEntry
                0x08002fb8       0x3c build/iot_link/os/liteos/base/core/los_task.o
                0x08002fb8                osTaskEntry
 .text.LOS_TaskCreateOnly
                0x08002ff4      0x1d8 build/iot_link/os/liteos/base/core/los_task.o
                0x08002ff4                LOS_TaskCreateOnly
 .text.LOS_TaskCreate
                0x080031cc       0xec build/iot_link/os/liteos/base/core/los_task.o
                0x080031cc                LOS_TaskCreate
 .text.LOS_TaskDelete
                0x080032b8      0x200 build/iot_link/os/liteos/base/core/los_task.o
                0x080032b8                LOS_TaskDelete
 .text.LOS_TaskDelay
                0x080034b8       0x98 build/iot_link/os/liteos/base/core/los_task.o
                0x080034b8                LOS_TaskDelay
 .text.osTaskWait
                0x08003550       0x74 build/iot_link/os/liteos/base/core/los_task.o
                0x08003550                osTaskWait
 .text.osTaskWake
                0x080035c4       0x7c build/iot_link/os/liteos/base/core/los_task.o
                0x080035c4                osTaskWake
 .text.LOS_TaskYield
                0x08003640       0xac build/iot_link/os/liteos/base/core/los_task.o
                0x08003640                LOS_TaskYield
 .text.LOS_ListInit
                0x080036ec       0x20 build/iot_link/os/liteos/base/core/los_priqueue.o
 .text.LOS_ListAdd
                0x0800370c       0x32 build/iot_link/os/liteos/base/core/los_priqueue.o
 .text.LOS_ListTailInsert
                0x0800373e       0x1e build/iot_link/os/liteos/base/core/los_priqueue.o
 .text.LOS_ListDelete
                0x0800375c       0x34 build/iot_link/os/liteos/base/core/los_priqueue.o
 .text.LOS_ListEmpty
                0x08003790       0x24 build/iot_link/os/liteos/base/core/los_priqueue.o
 .text.osPriqueueInit
                0x080037b4       0x64 build/iot_link/os/liteos/base/core/los_priqueue.o
                0x080037b4                osPriqueueInit
 .text.osPriqueueEnqueue
                0x08003818       0x54 build/iot_link/os/liteos/base/core/los_priqueue.o
                0x08003818                osPriqueueEnqueue
 .text.osPriqueueDequeue
                0x0800386c       0x54 build/iot_link/os/liteos/base/core/los_priqueue.o
                0x0800386c                osPriqueueDequeue
 .text.osPriqueueTop
                0x080038c0       0x40 build/iot_link/os/liteos/base/core/los_priqueue.o
                0x080038c0                osPriqueueTop
 .text.osPriqueueSize
                0x08003900       0x50 build/iot_link/os/liteos/base/core/los_priqueue.o
                0x08003900                osPriqueueSize
 .text.LOS_ListInit
                0x08003950       0x20 build/iot_link/os/liteos/base/ipc/los_queue.o
 .text.LOS_ListAdd
                0x08003970       0x32 build/iot_link/os/liteos/base/ipc/los_queue.o
 .text.LOS_ListTailInsert
                0x080039a2       0x1e build/iot_link/os/liteos/base/ipc/los_queue.o
 .text.osQueueInit
                0x080039c0       0x8c build/iot_link/os/liteos/base/ipc/los_queue.o
                0x080039c0                osQueueInit
 .text.LOS_ListInit
                0x08003a4c       0x20 build/iot_link/os/liteos/base/ipc/los_sem.o
 .text.LOS_ListAdd
                0x08003a6c       0x32 build/iot_link/os/liteos/base/ipc/los_sem.o
 .text.LOS_ListTailInsert
                0x08003a9e       0x1e build/iot_link/os/liteos/base/ipc/los_sem.o
 .text.LOS_ListDelete
                0x08003abc       0x34 build/iot_link/os/liteos/base/ipc/los_sem.o
 .text.LOS_ListEmpty
                0x08003af0       0x24 build/iot_link/os/liteos/base/ipc/los_sem.o
 .text.osSemInit
                0x08003b14       0x7c build/iot_link/os/liteos/base/ipc/los_sem.o
                0x08003b14                osSemInit
 .text.osSemCreate
                0x08003b90       0xc4 build/iot_link/os/liteos/base/ipc/los_sem.o
                0x08003b90                osSemCreate
 .text.LOS_SemDelete
                0x08003c54       0xc4 build/iot_link/os/liteos/base/ipc/los_sem.o
                0x08003c54                LOS_SemDelete
 .text.LOS_SemPend
                0x08003d18      0x15c build/iot_link/os/liteos/base/ipc/los_sem.o
                0x08003d18                LOS_SemPend
 .text.LOS_SemPost
                0x08003e74       0xd0 build/iot_link/os/liteos/base/ipc/los_sem.o
                0x08003e74                LOS_SemPost
 .text.LOS_ListInit
                0x08003f44       0x20 build/iot_link/os/liteos/base/ipc/los_mux.o
 .text.LOS_ListAdd
                0x08003f64       0x32 build/iot_link/os/liteos/base/ipc/los_mux.o
 .text.LOS_ListTailInsert
                0x08003f96       0x1e build/iot_link/os/liteos/base/ipc/los_mux.o
 .text.LOS_ListDelete
                0x08003fb4       0x34 build/iot_link/os/liteos/base/ipc/los_mux.o
 .text.LOS_ListEmpty
                0x08003fe8       0x24 build/iot_link/os/liteos/base/ipc/los_mux.o
 .text.osMuxInit
                0x0800400c       0x70 build/iot_link/os/liteos/base/ipc/los_mux.o
                0x0800400c                osMuxInit
 .text.LOS_MuxCreate
                0x0800407c       0xb8 build/iot_link/os/liteos/base/ipc/los_mux.o
                0x0800407c                LOS_MuxCreate
 .text.LOS_MuxDelete
                0x08004134       0xc0 build/iot_link/os/liteos/base/ipc/los_mux.o
                0x08004134                LOS_MuxDelete
 .text.LOS_MuxPend
                0x080041f4      0x1ac build/iot_link/os/liteos/base/ipc/los_mux.o
                0x080041f4                LOS_MuxPend
 .text.LOS_MuxPost
                0x080043a0      0x120 build/iot_link/os/liteos/base/ipc/los_mux.o
                0x080043a0                LOS_MuxPost
 .text.LOS_MemInit
                0x080044c0       0x6a build/iot_link/os/liteos/base/mem/heap/los_memory.o
                0x080044c0                LOS_MemInit
 *fill*         0x0800452a        0x2 
 .text.osMemSystemInit
                0x0800452c       0x78 build/iot_link/os/liteos/base/mem/heap/los_memory.o
                0x0800452c                osMemSystemInit
 .text.osHeapAllocAlign
                0x080045a4       0x20 build/iot_link/os/liteos/base/mem/heap/los_memory.o
                0x080045a4                osHeapAllocAlign
 .text.osHeapAlloc
                0x080045c4       0x1c build/iot_link/os/liteos/base/mem/heap/los_memory.o
                0x080045c4                osHeapAlloc
 .text.osHeapFree
                0x080045e0       0x26 build/iot_link/os/liteos/base/mem/heap/los_memory.o
                0x080045e0                osHeapFree
 .text.osHeapRealloc
                0x08004606       0x20 build/iot_link/os/liteos/base/mem/heap/los_memory.o
                0x08004606                osHeapRealloc
 .text.LOS_MemAlloc
                0x08004626       0x46 build/iot_link/os/liteos/base/mem/heap/los_memory.o
                0x08004626                LOS_MemAlloc
 .text.LOS_MemAllocAlign
                0x0800466c       0x20 build/iot_link/os/liteos/base/mem/heap/los_memory.o
                0x0800466c                LOS_MemAllocAlign
 .text.LOS_MemRealloc
                0x0800468c       0x20 build/iot_link/os/liteos/base/mem/heap/los_memory.o
                0x0800468c                LOS_MemRealloc
 .text.LOS_MemFree
                0x080046ac       0x4c build/iot_link/os/liteos/base/mem/heap/los_memory.o
                0x080046ac                LOS_MemFree
 .text.osSlabCtrlHdrGet
                0x080046f8       0x1a build/iot_link/os/liteos/base/mem/heap/los_memory.o
                0x080046f8                osSlabCtrlHdrGet
 *fill*         0x08004712        0x2 
 .text.LOS_MemInfo
                0x08004714       0x3c build/iot_link/os/liteos/base/mem/heap/los_memory.o
                0x08004714                LOS_MemInfo
 .text.dlist_init
                0x08004750       0x22 build/iot_link/os/liteos/base/mem/heap/los_heap.o
 .text.__dlist_add_at
                0x08004772       0x30 build/iot_link/os/liteos/base/mem/heap/los_heap.o
 .text.dlist_add_tail
                0x080047a2       0x20 build/iot_link/os/liteos/base/mem/heap/los_heap.o
 .text.dlist_del
                0x080047c2       0x28 build/iot_link/os/liteos/base/mem/heap/los_heap.o
 .text.dlist_empty
                0x080047ea       0x24 build/iot_link/os/liteos/base/mem/heap/los_heap.o
 .text.__is_free
                0x0800480e       0x26 build/iot_link/os/liteos/base/mem/heap/los_heap.o
 .text.__set_chunk_allocated
                0x08004834       0x20 build/iot_link/os/liteos/base/mem/heap/los_heap.o
 .text.__set_chunk_free
                0x08004854       0x20 build/iot_link/os/liteos/base/mem/heap/los_heap.o
 .text.__get_next_chunk
                0x08004874       0x20 build/iot_link/os/liteos/base/mem/heap/los_heap.o
 .text.__get_prev_chunk
                0x08004894       0x18 build/iot_link/os/liteos/base/mem/heap/los_heap.o
 .text.__get_mem_block
                0x080048ac       0x18 build/iot_link/os/liteos/base/mem/heap/los_heap.o
 .text.__get_ach_from_mem
                0x080048c4       0x2e build/iot_link/os/liteos/base/mem/heap/los_heap.o
 .text.__set_ach_to_mem
                0x080048f2       0x1e build/iot_link/os/liteos/base/mem/heap/los_heap.o
 .text.__cm_init
                0x08004910       0x16 build/iot_link/os/liteos/base/mem/heap/los_heap.o
 .text.__get_fl_idx
                0x08004926       0x1e build/iot_link/os/liteos/base/mem/heap/los_heap.o
 .text.__get_sl_idx
                0x08004944       0x22 build/iot_link/os/liteos/base/mem/heap/los_heap.o
 .text.__cm_put_chunk
                0x08004966       0xcc build/iot_link/os/liteos/base/mem/heap/los_heap.o
 .text.__cm_del_chunk
                0x08004a32       0xdc build/iot_link/os/liteos/base/mem/heap/los_heap.o
 .text.__cm_get_chunk
                0x08004b0e       0xce build/iot_link/os/liteos/base/mem/heap/los_heap.o
 .text.__get_max_free
                0x08004bdc       0xb6 build/iot_link/os/liteos/base/mem/heap/los_heap.o
 .text.__stat_chunk_add
                0x08004c92       0x32 build/iot_link/os/liteos/base/mem/heap/los_heap.o
 .text.__stat_chunk_del
                0x08004cc4       0x32 build/iot_link/os/liteos/base/mem/heap/los_heap.o
 .text.__stat_chunk_alloc
                0x08004cf6       0x74 build/iot_link/os/liteos/base/mem/heap/los_heap.o
 .text.__stat_chunk_free
                0x08004d6a       0x60 build/iot_link/os/liteos/base/mem/heap/los_heap.o
 .text.__put_chunk
                0x08004dca       0x38 build/iot_link/os/liteos/base/mem/heap/los_heap.o
 .text.__del_chunk
                0x08004e02       0x2a build/iot_link/os/liteos/base/mem/heap/los_heap.o
 .text.__get_chunk
                0x08004e2c       0x2e build/iot_link/os/liteos/base/mem/heap/los_heap.o
 .text.heap_init
                0x08004e5a       0x4a build/iot_link/os/liteos/base/mem/heap/los_heap.o
                0x08004e5a                heap_init
 .text.heap_add
                0x08004ea4      0x104 build/iot_link/os/liteos/base/mem/heap/los_heap.o
                0x08004ea4                heap_add
 .text.__carve_extra
                0x08004fa8       0xf6 build/iot_link/os/liteos/base/mem/heap/los_heap.o
 .text.heap_alloc_align
                0x0800509e       0xac build/iot_link/os/liteos/base/mem/heap/los_heap.o
                0x0800509e                heap_alloc_align
 .text.heap_alloc
                0x0800514a       0x1e build/iot_link/os/liteos/base/mem/heap/los_heap.o
                0x0800514a                heap_alloc
 .text.heap_free
                0x08005168       0xdc build/iot_link/os/liteos/base/mem/heap/los_heap.o
                0x08005168                heap_free
 .text.heap_realloc
                0x08005244      0x128 build/iot_link/os/liteos/base/mem/heap/los_heap.o
                0x08005244                heap_realloc
 .text.__dump_block
                0x0800536c       0x74 build/iot_link/os/liteos/base/mem/heap/los_heap.o
 .text.__dump_heap
                0x080053e0      0x130 build/iot_link/os/liteos/base/mem/heap/los_heap.o
                0x080053e0                __dump_heap
 .text.osAtomicBitsetGetNumBits
                0x08005510       0x18 build/iot_link/os/liteos/base/mem/common/los_slab.o
                0x08005510                osAtomicBitsetGetNumBits
 .text.osAtomicBitsetGetBit
                0x08005528       0x48 build/iot_link/os/liteos/base/mem/common/los_slab.o
                0x08005528                osAtomicBitsetGetBit
 .text.osAtomicBitsetClearBit
                0x08005570       0x48 build/iot_link/os/liteos/base/mem/common/los_slab.o
                0x08005570                osAtomicBitsetClearBit
 .text.osAtomicBitsetFindClearAndSet
                0x080055b8       0x8e build/iot_link/os/liteos/base/mem/common/los_slab.o
                0x080055b8                osAtomicBitsetFindClearAndSet
 .text.osSlabAllocatorAlloc
                0x08005646       0x36 build/iot_link/os/liteos/base/mem/common/los_slab.o
                0x08005646                osSlabAllocatorAlloc
 .text.osSlabAllocatorFree
                0x0800567c       0x76 build/iot_link/os/liteos/base/mem/common/los_slab.o
                0x0800567c                osSlabAllocatorFree
 .text.osSlabBlockHeadFill
                0x080056f2       0x30 build/iot_link/os/liteos/base/mem/common/los_slabmem.o
                0x080056f2                osSlabBlockHeadFill
 .text.osSlabMemAlloc
                0x08005722       0xee build/iot_link/os/liteos/base/mem/common/los_slabmem.o
                0x08005722                osSlabMemAlloc
 .text.osSlabMemFree
                0x08005810       0xaa build/iot_link/os/liteos/base/mem/common/los_slabmem.o
                0x08005810                osSlabMemFree
 .text.LOS_Align
                0x080058ba       0x3c build/iot_link/os/liteos/base/misc/los_misc.o
                0x080058ba                LOS_Align
 *fill*         0x080058f6        0x2 
 .text.LOS_ErrHandle
                0x080058f8       0x48 build/iot_link/os/liteos/base/om/los_err.o
                0x080058f8                LOS_ErrHandle
 .text.shell_cmd_help
                0x08005940      0x174 build/iot_link/shell/shell_cmd.o
 .text.shell_cmd_match
                0x08005ab4       0x9c build/iot_link/shell/shell_cmd.o
 .text.shell_cmd_index
                0x08005b50       0xec build/iot_link/shell/shell_cmd.o
                0x08005b50                shell_cmd_index
 .text.shell_cmd_execute
                0x08005c3c      0x170 build/iot_link/shell/shell_cmd.o
                0x08005c3c                shell_cmd_execute
 .text.shell_cmd_init
                0x08005dac       0x4c build/iot_link/shell/shell_cmd.o
                0x08005dac                shell_cmd_init
 .text.os_shell_version
                0x08005df8       0x50 build/iot_link/shell/shell_cmd.o
 .text.shell_get_char
                0x08005e48        0xe build/iot_link/shell/shell_main.o
 *fill*         0x08005e56        0x2 
 .text.shell_put_char
                0x08005e58       0x28 build/iot_link/shell/shell_main.o
 .text.shell_put_string
                0x08005e80       0x40 build/iot_link/shell/shell_main.o
 .text.shell_put_index
                0x08005ec0       0x14 build/iot_link/shell/shell_main.o
 .text.shell_put_backspace
                0x08005ed4       0x38 build/iot_link/shell/shell_main.o
 .text.shell_put_space
                0x08005f0c       0x30 build/iot_link/shell/shell_main.o
 .text.shell_moves_cursor_right
                0x08005f3c       0x54 build/iot_link/shell/shell_main.o
 .text.shell_bell
                0x08005f90        0xe build/iot_link/shell/shell_main.o
 .text.shell_moves_cursor_left
                0x08005f9e       0x30 build/iot_link/shell/shell_main.o
 .text.shell_cachecmd
                0x08005fce       0x9e build/iot_link/shell/shell_main.o
 .text.shell_insert_string
                0x0800606c       0xb6 build/iot_link/shell/shell_main.o
 *fill*         0x08006122        0x2 
 .text.shell_server_entry
                0x08006124      0x700 build/iot_link/shell/shell_main.o
 .text.shell_init
                0x08006824       0x30 build/iot_link/shell/shell_main.o
                0x08006824                shell_init
 .text.shell_taskinfo
                0x08006854       0x18 build/iot_link/shell/shell_test.o
 .text.shell_heapinfo
                0x0800686c       0x1c build/iot_link/shell/shell_test.o
 .text.shell_reboot
                0x08006888       0x4c build/iot_link/shell/shell_test.o
 .text.timer_add
                0x080068d4       0x98 build/iot_link/stimer/stimer.o
 .text.timer_scan
                0x0800696c       0xb8 build/iot_link/stimer/stimer.o
 .text.__timer_entry
                0x08006a24       0xd4 build/iot_link/stimer/stimer.o
 .text.stimer_init
                0x08006af8       0xa4 build/iot_link/stimer/stimer.o
                0x08006af8                stimer_init
 .text.stimer_print
                0x08006b9c      0x188 build/iot_link/stimer/stimer.o
 .text.__driv_match
                0x08006d24       0x44 build/iot_link/driver/driver.o
 .text.los_driv_register
                0x08006d68       0xcc build/iot_link/driver/driver.o
                0x08006d68                los_driv_register
 .text.osdriv_load_static
                0x08006e34       0x4c build/iot_link/driver/driver.o
 .text.los_driv_init
                0x08006e80       0x30 build/iot_link/driver/driver.o
                0x08006e80                los_driv_init
 .text.los_dev_open
                0x08006eb0      0x13c build/iot_link/driver/driver.o
                0x08006eb0                los_dev_open
 .text.los_dev_read
                0x08006fec       0x80 build/iot_link/driver/driver.o
                0x08006fec                los_dev_read
 .text.los_dev_write
                0x0800706c       0x8c build/iot_link/driver/driver.o
                0x0800706c                los_dev_write
 .text.__driv_show_shell
                0x080070f8      0x150 build/iot_link/driver/driver.o
 .text.__cmd_send
                0x08007248      0x150 build/iot_link/at/at.o
 .text.__resp_rcv
                0x08007398      0x148 build/iot_link/at/at.o
 .text.__cmd_create
                0x080074e0       0x80 build/iot_link/at/at.o
 .text.__cmd_clear
                0x08007560       0x60 build/iot_link/at/at.o
 .text.__cmd_match
                0x080075c0       0x9c build/iot_link/at/at.o
 .text.__oob_match
                0x0800765c       0x80 build/iot_link/at/at.o
 .text.__rcv_task_entry
                0x080076dc      0x130 build/iot_link/at/at.o
 .text.at_command
                0x0800780c       0x9c build/iot_link/at/at.o
                0x0800780c                at_command
 .text.at_oobregister
                0x080078a8       0x94 build/iot_link/at/at.o
                0x080078a8                at_oobregister
 .text.at_init  0x0800793c      0x1c0 build/iot_link/at/at.o
                0x0800793c                at_init
 .text.shell_at
                0x08007afc      0x138 build/iot_link/at/at.o
 .text.shell_atdebug
                0x08007c34      0x17c build/iot_link/at/at.o
 .text.cJSON_InitHooks
                0x08007db0       0x88 build/iot_link/cJSON/cJSON.o
                0x08007db0                cJSON_InitHooks
 .text.oc_lwm2m_register
                0x08007e38       0x3c build/iot_link/oc/oc_lwm2m/oc_lwm2m_al/oc_lwm2m_al.o
                0x08007e38                oc_lwm2m_register
 .text.oc_lwm2m_init
                0x08007e74       0x4c build/iot_link/oc/oc_lwm2m/oc_lwm2m_al/oc_lwm2m_al.o
                0x08007e74                oc_lwm2m_init
 .text.boudica150_atcmd
                0x08007ec0       0x40 build/iot_link/oc/oc_lwm2m/boudica150_oc/boudica150_oc.o
 .text.boudica150_atcmd_response
                0x08007f00       0x44 build/iot_link/oc/oc_lwm2m/boudica150_oc/boudica150_oc.o
 .text.byte_to_hexstr
                0x08007f44       0x64 build/iot_link/oc/oc_lwm2m/boudica150_oc/boudica150_oc.o
 .text.boudica150_oc_report
                0x08007fa8       0xf0 build/iot_link/oc/oc_lwm2m/boudica150_oc/boudica150_oc.o
 .text.hexstr_to_byte
                0x08008098       0xb4 build/iot_link/oc/oc_lwm2m/boudica150_oc/boudica150_oc.o
 .text.boudica150_rcvdeal
                0x0800814c      0x1ac build/iot_link/oc/oc_lwm2m/boudica150_oc/boudica150_oc.o
 .text.boudica150_set_echo
                0x080082f8       0x44 build/iot_link/oc/oc_lwm2m/boudica150_oc/boudica150_oc.o
 .text.boudica150_set_regmode
                0x0800833c       0x44 build/iot_link/oc/oc_lwm2m/boudica150_oc/boudica150_oc.o
 .text.boudica150_reboot
                0x08008380       0x3c build/iot_link/oc/oc_lwm2m/boudica150_oc/boudica150_oc.o
 .text.boudica150_set_fun
                0x080083bc       0x4c build/iot_link/oc/oc_lwm2m/boudica150_oc/boudica150_oc.o
 .text.boudica150_set_bands
                0x08008408       0xcc build/iot_link/oc/oc_lwm2m/boudica150_oc/boudica150_oc.o
 .text.boudica150_set_plmn
                0x080084d4       0xf0 build/iot_link/oc/oc_lwm2m/boudica150_oc/boudica150_oc.o
 .text.boudica150_set_apn
                0x080085c4       0xc0 build/iot_link/oc/oc_lwm2m/boudica150_oc/boudica150_oc.o
 .text.boudica150_set_cdp
                0x08008684       0xd8 build/iot_link/oc/oc_lwm2m/boudica150_oc/boudica150_oc.o
 .text.boudica150_set_cmee
                0x0800875c       0x44 build/iot_link/oc/oc_lwm2m/boudica150_oc/boudica150_oc.o
 .text.boudica150_set_cgatt
                0x080087a0       0x44 build/iot_link/oc/oc_lwm2m/boudica150_oc/boudica150_oc.o
 .text.boudica150_set_nnmi
                0x080087e4       0x44 build/iot_link/oc/oc_lwm2m/boudica150_oc/boudica150_oc.o
 .text.urc_qlwevtind
                0x08008828       0x7c build/iot_link/oc/oc_lwm2m/boudica150_oc/boudica150_oc.o
 .text.boudica150_check_observe
                0x080088a4       0x48 build/iot_link/oc/oc_lwm2m/boudica150_oc/boudica150_oc.o
 .text.boudica150_check_netattach
                0x080088ec       0x50 build/iot_link/oc/oc_lwm2m/boudica150_oc/boudica150_oc.o
 .text.boudica150_set_autoconnect
                0x0800893c       0xbc build/iot_link/oc/oc_lwm2m/boudica150_oc/boudica150_oc.o
 .text.boudica150_boot
                0x080089f8       0xfc build/iot_link/oc/oc_lwm2m/boudica150_oc/boudica150_oc.o
 .text.boudica150_oc_config
                0x08008af4       0x84 build/iot_link/oc/oc_lwm2m/boudica150_oc/boudica150_oc.o
 .text.boudica150_oc_deconfig
                0x08008b78       0x30 build/iot_link/oc/oc_lwm2m/boudica150_oc/boudica150_oc.o
 .text.oc_lwm2m_imp_init
                0x08008ba8       0x4c build/iot_link/oc/oc_lwm2m/boudica150_oc/boudica150_oc.o
                0x08008ba8                oc_lwm2m_imp_init
 .text.linkmain_version
                0x08008bf4       0x3c build/iot_link/link_main.o
                0x08008bf4                linkmain_version
 .text.link_main
                0x08008c30       0x9c build/iot_link/link_main.o
                0x08008c30                link_main
 .text.HAL_RCC_OscConfig
                0x08008ccc      0x73c build/drivers/third_party/ST/STM32L4xx_HAL_Driver/Src/stm32l4xx_hal_rcc.o
                0x08008ccc                HAL_RCC_OscConfig
 .text.HAL_RCC_ClockConfig
                0x08009408      0x230 build/drivers/third_party/ST/STM32L4xx_HAL_Driver/Src/stm32l4xx_hal_rcc.o
                0x08009408                HAL_RCC_ClockConfig
 .text.HAL_RCC_GetSysClockFreq
                0x08009638      0x160 build/drivers/third_party/ST/STM32L4xx_HAL_Driver/Src/stm32l4xx_hal_rcc.o
                0x08009638                HAL_RCC_GetSysClockFreq
 .text.HAL_RCC_GetHCLKFreq
                0x08009798       0x18 build/drivers/third_party/ST/STM32L4xx_HAL_Driver/Src/stm32l4xx_hal_rcc.o
                0x08009798                HAL_RCC_GetHCLKFreq
 .text.HAL_RCC_GetPCLK1Freq
                0x080097b0       0x28 build/drivers/third_party/ST/STM32L4xx_HAL_Driver/Src/stm32l4xx_hal_rcc.o
                0x080097b0                HAL_RCC_GetPCLK1Freq
 .text.HAL_RCC_GetPCLK2Freq
                0x080097d8       0x28 build/drivers/third_party/ST/STM32L4xx_HAL_Driver/Src/stm32l4xx_hal_rcc.o
                0x080097d8                HAL_RCC_GetPCLK2Freq
 .text.RCC_SetFlashLatencyFromMSIRange
                0x08009800       0xc4 build/drivers/third_party/ST/STM32L4xx_HAL_Driver/Src/stm32l4xx_hal_rcc.o
 .text.HAL_PWREx_GetVoltageRange
                0x080098c4       0x1c build/drivers/third_party/ST/STM32L4xx_HAL_Driver/Src/stm32l4xx_hal_pwr_ex.o
                0x080098c4                HAL_PWREx_GetVoltageRange
 .text.HAL_PWREx_ControlVoltageScaling
                0x080098e0       0xac build/drivers/third_party/ST/STM32L4xx_HAL_Driver/Src/stm32l4xx_hal_pwr_ex.o
                0x080098e0                HAL_PWREx_ControlVoltageScaling
 .text.HAL_PWR_EnableBkUpAccess
                0x0800998c       0x20 build/drivers/third_party/ST/STM32L4xx_HAL_Driver/Src/stm32l4xx_hal_pwr.o
                0x0800998c                HAL_PWR_EnableBkUpAccess
 .text.HAL_GPIO_Init
                0x080099ac      0x2fc build/drivers/third_party/ST/STM32L4xx_HAL_Driver/Src/stm32l4xx_hal_gpio.o
                0x080099ac                HAL_GPIO_Init
 .text.HAL_GPIO_WritePin
                0x08009ca8       0x30 build/drivers/third_party/ST/STM32L4xx_HAL_Driver/Src/stm32l4xx_hal_gpio.o
                0x08009ca8                HAL_GPIO_WritePin
 .text.HAL_RCCEx_PeriphCLKConfig
                0x08009cd8      0x42c build/drivers/third_party/ST/STM32L4xx_HAL_Driver/Src/stm32l4xx_hal_rcc_ex.o
                0x08009cd8                HAL_RCCEx_PeriphCLKConfig
 .text.RCCEx_PLLSAI1_Config
                0x0800a104      0x1e8 build/drivers/third_party/ST/STM32L4xx_HAL_Driver/Src/stm32l4xx_hal_rcc_ex.o
 .text.__NVIC_SetPriorityGrouping
                0x0800a2ec       0x48 build/drivers/third_party/ST/STM32L4xx_HAL_Driver/Src/stm32l4xx_hal_cortex.o
 .text.__NVIC_GetPriorityGrouping
                0x0800a334       0x1c build/drivers/third_party/ST/STM32L4xx_HAL_Driver/Src/stm32l4xx_hal_cortex.o
 .text.__NVIC_EnableIRQ
                0x0800a350       0x3c build/drivers/third_party/ST/STM32L4xx_HAL_Driver/Src/stm32l4xx_hal_cortex.o
 .text.__NVIC_SetPriority
                0x0800a38c       0x54 build/drivers/third_party/ST/STM32L4xx_HAL_Driver/Src/stm32l4xx_hal_cortex.o
 .text.NVIC_EncodePriority
                0x0800a3e0       0x66 build/drivers/third_party/ST/STM32L4xx_HAL_Driver/Src/stm32l4xx_hal_cortex.o
 *fill*         0x0800a446        0x2 
 .text.SysTick_Config
                0x0800a448       0x44 build/drivers/third_party/ST/STM32L4xx_HAL_Driver/Src/stm32l4xx_hal_cortex.o
 .text.HAL_NVIC_SetPriorityGrouping
                0x0800a48c       0x16 build/drivers/third_party/ST/STM32L4xx_HAL_Driver/Src/stm32l4xx_hal_cortex.o
                0x0800a48c                HAL_NVIC_SetPriorityGrouping
 .text.HAL_NVIC_SetPriority
                0x0800a4a2       0x38 build/drivers/third_party/ST/STM32L4xx_HAL_Driver/Src/stm32l4xx_hal_cortex.o
                0x0800a4a2                HAL_NVIC_SetPriority
 .text.HAL_NVIC_EnableIRQ
                0x0800a4da       0x1c build/drivers/third_party/ST/STM32L4xx_HAL_Driver/Src/stm32l4xx_hal_cortex.o
                0x0800a4da                HAL_NVIC_EnableIRQ
 .text.HAL_SYSTICK_Config
                0x0800a4f6       0x18 build/drivers/third_party/ST/STM32L4xx_HAL_Driver/Src/stm32l4xx_hal_cortex.o
                0x0800a4f6                HAL_SYSTICK_Config
 .text.HAL_UART_Init
                0x0800a50e       0xa2 build/drivers/third_party/ST/STM32L4xx_HAL_Driver/Src/stm32l4xx_hal_uart.o
                0x0800a50e                HAL_UART_Init
 .text.HAL_UART_Transmit
                0x0800a5b0      0x154 build/drivers/third_party/ST/STM32L4xx_HAL_Driver/Src/stm32l4xx_hal_uart.o
                0x0800a5b0                HAL_UART_Transmit
 .text.UART_SetConfig
                0x0800a704      0x5c0 build/drivers/third_party/ST/STM32L4xx_HAL_Driver/Src/stm32l4xx_hal_uart.o
                0x0800a704                UART_SetConfig
 .text.UART_AdvFeatureConfig
                0x0800acc4      0x144 build/drivers/third_party/ST/STM32L4xx_HAL_Driver/Src/stm32l4xx_hal_uart.o
                0x0800acc4                UART_AdvFeatureConfig
 .text.UART_CheckIdleState
                0x0800ae08       0x92 build/drivers/third_party/ST/STM32L4xx_HAL_Driver/Src/stm32l4xx_hal_uart.o
                0x0800ae08                UART_CheckIdleState
 .text.UART_WaitOnFlagUntilTimeout
                0x0800ae9a       0x94 build/drivers/third_party/ST/STM32L4xx_HAL_Driver/Src/stm32l4xx_hal_uart.o
                0x0800ae9a                UART_WaitOnFlagUntilTimeout
 .text.HAL_Init
                0x0800af2e       0x1a build/drivers/third_party/ST/STM32L4xx_HAL_Driver/Src/stm32l4xx_hal.o
                0x0800af2e                HAL_Init
 .text.HAL_MspInit
                0x0800af48        0xe build/drivers/third_party/ST/STM32L4xx_HAL_Driver/Src/stm32l4xx_hal.o
                0x0800af48                HAL_MspInit
 *fill*         0x0800af56        0x2 
 .text.HAL_InitTick
                0x0800af58       0x38 build/drivers/third_party/ST/STM32L4xx_HAL_Driver/Src/stm32l4xx_hal.o
                0x0800af58                HAL_InitTick
 .text.HAL_SPI_Init
                0x0800af90      0x114 build/drivers/third_party/ST/STM32L4xx_HAL_Driver/Src/stm32l4xx_hal_spi.o
                0x0800af90                HAL_SPI_Init
 .text.HAL_SPI_Transmit
                0x0800b0a4      0x2ac build/drivers/third_party/ST/STM32L4xx_HAL_Driver/Src/stm32l4xx_hal_spi.o
                0x0800b0a4                HAL_SPI_Transmit
 .text.SPI_WaitFlagStateUntilTimeout
                0x0800b350       0xd0 build/drivers/third_party/ST/STM32L4xx_HAL_Driver/Src/stm32l4xx_hal_spi.o
 .text.SPI_WaitFifoStateUntilTimeout
                0x0800b420       0xe0 build/drivers/third_party/ST/STM32L4xx_HAL_Driver/Src/stm32l4xx_hal_spi.o
 .text.SPI_EndRxTxTransaction
                0x0800b500       0x8c build/drivers/third_party/ST/STM32L4xx_HAL_Driver/Src/stm32l4xx_hal_spi.o
 .text.HAL_I2C_Init
                0x0800b58c      0x11e build/drivers/third_party/ST/STM32L4xx_HAL_Driver/Src/stm32l4xx_hal_i2c.o
                0x0800b58c                HAL_I2C_Init
 .text.HAL_I2CEx_ConfigAnalogFilter
                0x0800b6aa       0x96 build/drivers/third_party/ST/STM32L4xx_HAL_Driver/Src/stm32l4xx_hal_i2c_ex.o
                0x0800b6aa                HAL_I2CEx_ConfigAnalogFilter
 .text.HAL_I2CEx_ConfigDigitalFilter
                0x0800b740       0x9c build/drivers/third_party/ST/STM32L4xx_HAL_Driver/Src/stm32l4xx_hal_i2c_ex.o
                0x0800b740                HAL_I2CEx_ConfigDigitalFilter
 .text.LCD_Gpio_Init
                0x0800b7dc       0xc0 build/Hardware/LCD/lcd.o
 .text.LCD_SPI_Send
                0x0800b89c       0x1e build/Hardware/LCD/lcd.o
 *fill*         0x0800b8ba        0x2 
 .text.LCD_Write_Cmd
                0x0800b8bc       0x2c build/Hardware/LCD/lcd.o
 .text.LCD_Write_Data
                0x0800b8e8       0x2c build/Hardware/LCD/lcd.o
 .text.LCD_Write_HalfWord
                0x0800b914       0x40 build/Hardware/LCD/lcd.o
                0x0800b914                LCD_Write_HalfWord
 .text.LCD_Address_Set
                0x0800b954       0x98 build/Hardware/LCD/lcd.o
                0x0800b954                LCD_Address_Set
 .text.LCD_Clear
                0x0800b9ec       0x8c build/Hardware/LCD/lcd.o
                0x0800b9ec                LCD_Clear
 .text.LCD_ShowChar
                0x0800ba78      0x260 build/Hardware/LCD/lcd.o
                0x0800ba78                LCD_ShowChar
 .text.LCD_ShowString
                0x0800bcd8       0x96 build/Hardware/LCD/lcd.o
                0x0800bcd8                LCD_ShowString
 *fill*         0x0800bd6e        0x2 
 .text.LCD_Init
                0x0800bd70      0x1a4 build/Hardware/LCD/lcd.o
                0x0800bd70                LCD_Init
 .text.HardWare_Init
                0x0800bf14       0xa4 build/Src/main.o
                0x0800bf14                HardWare_Init
 .text.link_test
                0x0800bfb8       0x60 build/Src/main.o
 .text.main     0x0800c018       0x38 build/Src/main.o
                0x0800c018                main
 .text.SystemInit
                0x0800c050       0x6c build/Src/system_stm32l4xx.o
                0x0800c050                SystemInit
 .text.NMI_Handler
                0x0800c0bc        0xe build/Src/stm32l4xx_it.o
                0x0800c0bc                NMI_Handler
 .text.HardFault_Handler
                0x0800c0ca        0x6 build/Src/stm32l4xx_it.o
                0x0800c0ca                HardFault_Handler
 .text.MemManage_Handler
                0x0800c0d0        0x6 build/Src/stm32l4xx_it.o
                0x0800c0d0                MemManage_Handler
 .text.BusFault_Handler
                0x0800c0d6        0x6 build/Src/stm32l4xx_it.o
                0x0800c0d6                BusFault_Handler
 .text.UsageFault_Handler
                0x0800c0dc        0x6 build/Src/stm32l4xx_it.o
                0x0800c0dc                UsageFault_Handler
 .text.SVC_Handler
                0x0800c0e2        0xe build/Src/stm32l4xx_it.o
                0x0800c0e2                SVC_Handler
 .text.HAL_GetTick
                0x0800c0f0       0x12 build/Src/sys_init.o
                0x0800c0f0                HAL_GetTick
 .text._Error_Handler
                0x0800c102        0xc build/Src/sys_init.o
                0x0800c102                _Error_Handler
 *fill*         0x0800c10e        0x2 
 .text.SystemClock_Config
                0x0800c110      0x140 build/Src/sys_init.o
                0x0800c110                SystemClock_Config
 .text.HAL_UART_MspInit
                0x0800c250      0x17c build/Src/usart.o
                0x0800c250                HAL_UART_MspInit
 .text.uart_debug_irq
                0x0800c3cc       0x64 build/Src/uart_debug.o
 .text.shell_uart_init
                0x0800c430       0xb4 build/Src/uart_debug.o
                0x0800c430                shell_uart_init
 .text._write   0x0800c4e4       0x38 build/Src/uart_debug.o
                0x0800c4e4                _write
 .text._read    0x0800c51c       0x54 build/Src/uart_debug.o
                0x0800c51c                _read
 .text.dwt_delay_init
                0x0800c570       0x40 build/Src/dwt.o
                0x0800c570                dwt_delay_init
 .text.delayus  0x0800c5b0       0x78 build/Src/dwt.o
                0x0800c5b0                delayus
 .text.delay10ms
                0x0800c628       0x20 build/Src/dwt.o
                0x0800c628                delay10ms
 .text.MX_I2C1_Init
                0x0800c648       0x90 build/Src/i2c.o
                0x0800c648                MX_I2C1_Init
 .text.HAL_I2C_MspInit
                0x0800c6d8      0x114 build/Src/i2c.o
                0x0800c6d8                HAL_I2C_MspInit
 .text.MX_SPI2_Init
                0x0800c7ec       0x84 build/Src/spi.o
                0x0800c7ec                MX_SPI2_Init
 .text.HAL_SPI_MspInit
                0x0800c870       0x84 build/Src/spi.o
                0x0800c870                HAL_SPI_MspInit
 .text.SPI2_WriteByte
                0x0800c8f4       0x28 build/Src/spi.o
                0x0800c8f4                SPI2_WriteByte
 .text.MX_GPIO_Init
                0x0800c91c       0x94 build/Src/gpio.o
                0x0800c91c                MX_GPIO_Init
 .text.atio_irq
                0x0800c9b0      0x13c build/uart_at/uart_at.o
 .text.uart_at_init
                0x0800caec      0x100 build/uart_at/uart_at.o
                0x0800caec                uart_at_init
 .text.uart_at_deinit
                0x0800cbec       0x48 build/uart_at/uart_at.o
                0x0800cbec                uart_at_deinit
 .text.uart_at_send
                0x0800cc34       0x58 build/uart_at/uart_at.o
 .text.uart_at_receive
                0x0800cc8c       0xe4 build/uart_at/uart_at.o
 .text.__at_read
                0x0800cd70       0x22 build/uart_at/uart_at.o
 .text.__at_write
                0x0800cd92       0x22 build/uart_at/uart_at.o
 .text.app_hello_world_entry
                0x0800cdb4       0x18 build/Demos/hello_world_demo/hello_world_demo.o
 .text.standard_app_demo_main
                0x0800cdcc       0x2c build/Demos/hello_world_demo/hello_world_demo.o
                0x0800cdcc                standard_app_demo_main
 .text.__sflush_r
                0x0800cdf8      0x10c c:/users/administrator/.iotlink/tools/gcc-arm-none-eabi/bin/../lib/gcc/arm-none-eabi/9.2.1/../../../../arm-none-eabi/lib/thumb/v7e-m+fp/hard\libc_nano.a(lib_a-fflush.o)
                0x0800cdf8                __sflush_r
 .text._fflush_r
                0x0800cf04       0x78 c:/users/administrator/.iotlink/tools/gcc-arm-none-eabi/bin/../lib/gcc/arm-none-eabi/9.2.1/../../../../arm-none-eabi/lib/thumb/v7e-m+fp/hard\libc_nano.a(lib_a-fflush.o)
                0x0800cf04                _fflush_r
 .text.fflush   0x0800cf7c       0x24 c:/users/administrator/.iotlink/tools/gcc-arm-none-eabi/bin/../lib/gcc/arm-none-eabi/9.2.1/../../../../arm-none-eabi/lib/thumb/v7e-m+fp/hard\libc_nano.a(lib_a-fflush.o)
                0x0800cf7c                fflush
 .text.std      0x0800cfa0       0x48 c:/users/administrator/.iotlink/tools/gcc-arm-none-eabi/bin/../lib/gcc/arm-none-eabi/9.2.1/../../../../arm-none-eabi/lib/thumb/v7e-m+fp/hard\libc_nano.a(lib_a-findfp.o)
 .text._cleanup_r
                0x0800cfe8        0xc c:/users/administrator/.iotlink/tools/gcc-arm-none-eabi/bin/../lib/gcc/arm-none-eabi/9.2.1/../../../../arm-none-eabi/lib/thumb/v7e-m+fp/hard\libc_nano.a(lib_a-findfp.o)
                0x0800cfe8                _cleanup_r
 .text.__sfmoreglue
                0x0800cff4       0x2c c:/users/administrator/.iotlink/tools/gcc-arm-none-eabi/bin/../lib/gcc/arm-none-eabi/9.2.1/../../../../arm-none-eabi/lib/thumb/v7e-m+fp/hard\libc_nano.a(lib_a-findfp.o)
                0x0800cff4                __sfmoreglue
 .text.__sfp_lock_acquire
                0x0800d020        0xc c:/users/administrator/.iotlink/tools/gcc-arm-none-eabi/bin/../lib/gcc/arm-none-eabi/9.2.1/../../../../arm-none-eabi/lib/thumb/v7e-m+fp/hard\libc_nano.a(lib_a-findfp.o)
                0x0800d020                __sfp_lock_acquire
 .text.__sfp_lock_release
                0x0800d02c        0xc c:/users/administrator/.iotlink/tools/gcc-arm-none-eabi/bin/../lib/gcc/arm-none-eabi/9.2.1/../../../../arm-none-eabi/lib/thumb/v7e-m+fp/hard\libc_nano.a(lib_a-findfp.o)
                0x0800d02c                __sfp_lock_release
 .text.__sinit_lock_acquire
                0x0800d038        0xc c:/users/administrator/.iotlink/tools/gcc-arm-none-eabi/bin/../lib/gcc/arm-none-eabi/9.2.1/../../../../arm-none-eabi/lib/thumb/v7e-m+fp/hard\libc_nano.a(lib_a-findfp.o)
                0x0800d038                __sinit_lock_acquire
 .text.__sinit_lock_release
                0x0800d044        0xc c:/users/administrator/.iotlink/tools/gcc-arm-none-eabi/bin/../lib/gcc/arm-none-eabi/9.2.1/../../../../arm-none-eabi/lib/thumb/v7e-m+fp/hard\libc_nano.a(lib_a-findfp.o)
                0x0800d044                __sinit_lock_release
 .text.__sinit  0x0800d050       0x70 c:/users/administrator/.iotlink/tools/gcc-arm-none-eabi/bin/../lib/gcc/arm-none-eabi/9.2.1/../../../../arm-none-eabi/lib/thumb/v7e-m+fp/hard\libc_nano.a(lib_a-findfp.o)
                0x0800d050                __sinit
 .text.__sfp    0x0800d0c0       0x8c c:/users/administrator/.iotlink/tools/gcc-arm-none-eabi/bin/../lib/gcc/arm-none-eabi/9.2.1/../../../../arm-none-eabi/lib/thumb/v7e-m+fp/hard\libc_nano.a(lib_a-findfp.o)
                0x0800d0c0                __sfp
 .text._fwalk   0x0800d14c       0x3a c:/users/administrator/.iotlink/tools/gcc-arm-none-eabi/bin/../lib/gcc/arm-none-eabi/9.2.1/../../../../arm-none-eabi/lib/thumb/v7e-m+fp/hard\libc_nano.a(lib_a-fwalk.o)
                0x0800d14c                _fwalk
 .text._fwalk_reent
                0x0800d186       0x3e c:/users/administrator/.iotlink/tools/gcc-arm-none-eabi/bin/../lib/gcc/arm-none-eabi/9.2.1/../../../../arm-none-eabi/lib/thumb/v7e-m+fp/hard\libc_nano.a(lib_a-fwalk.o)
                0x0800d186                _fwalk_reent
 .text.getchar  0x0800d1c4       0x24 c:/users/administrator/.iotlink/tools/gcc-arm-none-eabi/bin/../lib/gcc/arm-none-eabi/9.2.1/../../../../arm-none-eabi/lib/thumb/v7e-m+fp/hard\libc_nano.a(lib_a-getchar.o)
                0x0800d1c4                getchar
 .text.__libc_init_array
                0x0800d1e8       0x48 c:/users/administrator/.iotlink/tools/gcc-arm-none-eabi/bin/../lib/gcc/arm-none-eabi/9.2.1/../../../../arm-none-eabi/lib/thumb/v7e-m+fp/hard\libc_nano.a(lib_a-init.o)
                0x0800d1e8                __libc_init_array
 .text.__retarget_lock_init_recursive
                0x0800d230        0x2 c:/users/administrator/.iotlink/tools/gcc-arm-none-eabi/bin/../lib/gcc/arm-none-eabi/9.2.1/../../../../arm-none-eabi/lib/thumb/v7e-m+fp/hard\libc_nano.a(lib_a-lock.o)
                0x0800d230                __retarget_lock_init_recursive
 .text.__retarget_lock_acquire_recursive
                0x0800d232        0x2 c:/users/administrator/.iotlink/tools/gcc-arm-none-eabi/bin/../lib/gcc/arm-none-eabi/9.2.1/../../../../arm-none-eabi/lib/thumb/v7e-m+fp/hard\libc_nano.a(lib_a-lock.o)
                0x0800d232                __retarget_lock_acquire_recursive
 .text.__retarget_lock_release_recursive
                0x0800d234        0x2 c:/users/administrator/.iotlink/tools/gcc-arm-none-eabi/bin/../lib/gcc/arm-none-eabi/9.2.1/../../../../arm-none-eabi/lib/thumb/v7e-m+fp/hard\libc_nano.a(lib_a-lock.o)
                0x0800d234                __retarget_lock_release_recursive
 .text.memcmp   0x0800d236       0x1c c:/users/administrator/.iotlink/tools/gcc-arm-none-eabi/bin/../lib/gcc/arm-none-eabi/9.2.1/../../../../arm-none-eabi/lib/thumb/v7e-m+fp/hard\libc_nano.a(lib_a-memcmp.o)
                0x0800d236                memcmp
 .text.memcpy   0x0800d252       0x1c c:/users/administrator/.iotlink/tools/gcc-arm-none-eabi/bin/../lib/gcc/arm-none-eabi/9.2.1/../../../../arm-none-eabi/lib/thumb/v7e-m+fp/hard\libc_nano.a(lib_a-memcpy-stub.o)
                0x0800d252                memcpy
 .text.memset   0x0800d26e       0x10 c:/users/administrator/.iotlink/tools/gcc-arm-none-eabi/bin/../lib/gcc/arm-none-eabi/9.2.1/../../../../arm-none-eabi/lib/thumb/v7e-m+fp/hard\libc_nano.a(lib_a-memset.o)
                0x0800d26e                memset
 .text.__cvt    0x0800d27e       0xc4 c:/users/administrator/.iotlink/tools/gcc-arm-none-eabi/bin/../lib/gcc/arm-none-eabi/9.2.1/../../../../arm-none-eabi/lib/thumb/v7e-m+fp/hard\libc_nano.a(lib_a-nano-vfprintf_float.o)
                0x0800d27e                __cvt
 .text.__exponent
                0x0800d342       0x7c c:/users/administrator/.iotlink/tools/gcc-arm-none-eabi/bin/../lib/gcc/arm-none-eabi/9.2.1/../../../../arm-none-eabi/lib/thumb/v7e-m+fp/hard\libc_nano.a(lib_a-nano-vfprintf_float.o)
                0x0800d342                __exponent
 *fill*         0x0800d3be        0x2 
 .text._printf_float
                0x0800d3c0      0x46c c:/users/administrator/.iotlink/tools/gcc-arm-none-eabi/bin/../lib/gcc/arm-none-eabi/9.2.1/../../../../arm-none-eabi/lib/thumb/v7e-m+fp/hard\libc_nano.a(lib_a-nano-vfprintf_float.o)
                0x0800d3c0                _printf_float
 .text._printf_common
                0x0800d82c       0xda c:/users/administrator/.iotlink/tools/gcc-arm-none-eabi/bin/../lib/gcc/arm-none-eabi/9.2.1/../../../../arm-none-eabi/lib/thumb/v7e-m+fp/hard\libc_nano.a(lib_a-nano-vfprintf_i.o)
                0x0800d82c                _printf_common
 *fill*         0x0800d906        0x2 
 .text._printf_i
                0x0800d908      0x24c c:/users/administrator/.iotlink/tools/gcc-arm-none-eabi/bin/../lib/gcc/arm-none-eabi/9.2.1/../../../../arm-none-eabi/lib/thumb/v7e-m+fp/hard\libc_nano.a(lib_a-nano-vfprintf_i.o)
                0x0800d908                _printf_i
 .text.printf   0x0800db54       0x30 c:/users/administrator/.iotlink/tools/gcc-arm-none-eabi/bin/../lib/gcc/arm-none-eabi/9.2.1/../../../../arm-none-eabi/lib/thumb/v7e-m+fp/hard\libc_nano.a(lib_a-printf.o)
                0x0800db54                iprintf
                0x0800db54                printf
 .text.putchar  0x0800db84       0x2c c:/users/administrator/.iotlink/tools/gcc-arm-none-eabi/bin/../lib/gcc/arm-none-eabi/9.2.1/../../../../arm-none-eabi/lib/thumb/v7e-m+fp/hard\libc_nano.a(lib_a-putchar.o)
                0x0800db84                putchar
 .text._puts_r  0x0800dbb0       0xdc c:/users/administrator/.iotlink/tools/gcc-arm-none-eabi/bin/../lib/gcc/arm-none-eabi/9.2.1/../../../../arm-none-eabi/lib/thumb/v7e-m+fp/hard\libc_nano.a(lib_a-puts.o)
                0x0800dbb0                _puts_r
 .text.puts     0x0800dc8c       0x10 c:/users/administrator/.iotlink/tools/gcc-arm-none-eabi/bin/../lib/gcc/arm-none-eabi/9.2.1/../../../../arm-none-eabi/lib/thumb/v7e-m+fp/hard\libc_nano.a(lib_a-puts.o)
                0x0800dc8c                puts
 .text.snprintf
                0x0800dc9c       0x68 c:/users/administrator/.iotlink/tools/gcc-arm-none-eabi/bin/../lib/gcc/arm-none-eabi/9.2.1/../../../../arm-none-eabi/lib/thumb/v7e-m+fp/hard\libc_nano.a(lib_a-snprintf.o)
                0x0800dc9c                sniprintf
                0x0800dc9c                snprintf
 .text.sprintf  0x0800dd04       0x40 c:/users/administrator/.iotlink/tools/gcc-arm-none-eabi/bin/../lib/gcc/arm-none-eabi/9.2.1/../../../../arm-none-eabi/lib/thumb/v7e-m+fp/hard\libc_nano.a(lib_a-sprintf.o)
                0x0800dd04                siprintf
                0x0800dd04                sprintf
 .text.__sread  0x0800dd44       0x22 c:/users/administrator/.iotlink/tools/gcc-arm-none-eabi/bin/../lib/gcc/arm-none-eabi/9.2.1/../../../../arm-none-eabi/lib/thumb/v7e-m+fp/hard\libc_nano.a(lib_a-stdio.o)
                0x0800dd44                __sread
 .text.__swrite
                0x0800dd66       0x38 c:/users/administrator/.iotlink/tools/gcc-arm-none-eabi/bin/../lib/gcc/arm-none-eabi/9.2.1/../../../../arm-none-eabi/lib/thumb/v7e-m+fp/hard\libc_nano.a(lib_a-stdio.o)
                0x0800dd66                __swrite
 .text.__sseek  0x0800dd9e       0x24 c:/users/administrator/.iotlink/tools/gcc-arm-none-eabi/bin/../lib/gcc/arm-none-eabi/9.2.1/../../../../arm-none-eabi/lib/thumb/v7e-m+fp/hard\libc_nano.a(lib_a-stdio.o)
                0x0800dd9e                __sseek
 .text.__sclose
                0x0800ddc2        0x8 c:/users/administrator/.iotlink/tools/gcc-arm-none-eabi/bin/../lib/gcc/arm-none-eabi/9.2.1/../../../../arm-none-eabi/lib/thumb/v7e-m+fp/hard\libc_nano.a(lib_a-stdio.o)
                0x0800ddc2                __sclose
 .text.strchr   0x0800ddca       0x1a c:/users/administrator/.iotlink/tools/gcc-arm-none-eabi/bin/../lib/gcc/arm-none-eabi/9.2.1/../../../../arm-none-eabi/lib/thumb/v7e-m+fp/hard\libc_nano.a(lib_a-strchr.o)
                0x0800ddca                strchr
 .text.strcpy   0x0800dde4       0x10 c:/users/administrator/.iotlink/tools/gcc-arm-none-eabi/bin/../lib/gcc/arm-none-eabi/9.2.1/../../../../arm-none-eabi/lib/thumb/v7e-m+fp/hard\libc_nano.a(lib_a-strcpy.o)
                0x0800dde4                strcpy
 .text.strncmp  0x0800ddf4       0x24 c:/users/administrator/.iotlink/tools/gcc-arm-none-eabi/bin/../lib/gcc/arm-none-eabi/9.2.1/../../../../arm-none-eabi/lib/thumb/v7e-m+fp/hard\libc_nano.a(lib_a-strncmp.o)
                0x0800ddf4                strncmp
 .text.strncpy  0x0800de18       0x26 c:/users/administrator/.iotlink/tools/gcc-arm-none-eabi/bin/../lib/gcc/arm-none-eabi/9.2.1/../../../../arm-none-eabi/lib/thumb/v7e-m+fp/hard\libc_nano.a(lib_a-strncpy.o)
                0x0800de18                strncpy
 .text.strstr   0x0800de3e       0x2e c:/users/administrator/.iotlink/tools/gcc-arm-none-eabi/bin/../lib/gcc/arm-none-eabi/9.2.1/../../../../arm-none-eabi/lib/thumb/v7e-m+fp/hard\libc_nano.a(lib_a-strstr.o)
                0x0800de3e                strstr
 .text._strtol_l.isra.0
                0x0800de6c       0xf4 c:/users/administrator/.iotlink/tools/gcc-arm-none-eabi/bin/../lib/gcc/arm-none-eabi/9.2.1/../../../../arm-none-eabi/lib/thumb/v7e-m+fp/hard\libc_nano.a(lib_a-strtol.o)
 .text.strtol   0x0800df60       0x14 c:/users/administrator/.iotlink/tools/gcc-arm-none-eabi/bin/../lib/gcc/arm-none-eabi/9.2.1/../../../../arm-none-eabi/lib/thumb/v7e-m+fp/hard\libc_nano.a(lib_a-strtol.o)
                0x0800df60                strtol
 .text.__swbuf_r
                0x0800df74       0xa4 c:/users/administrator/.iotlink/tools/gcc-arm-none-eabi/bin/../lib/gcc/arm-none-eabi/9.2.1/../../../../arm-none-eabi/lib/thumb/v7e-m+fp/hard\libc_nano.a(lib_a-wbuf.o)
                0x0800df74                __swbuf_r
 .text._write_r
                0x0800e018       0x24 c:/users/administrator/.iotlink/tools/gcc-arm-none-eabi/bin/../lib/gcc/arm-none-eabi/9.2.1/../../../../arm-none-eabi/lib/thumb/v7e-m+fp/hard\libc_nano.a(lib_a-writer.o)
                0x0800e018                _write_r
 .text.__swsetup_r
                0x0800e03c       0xdc c:/users/administrator/.iotlink/tools/gcc-arm-none-eabi/bin/../lib/gcc/arm-none-eabi/9.2.1/../../../../arm-none-eabi/lib/thumb/v7e-m+fp/hard\libc_nano.a(lib_a-wsetup.o)
                0x0800e03c                __swsetup_r
 .text._close_r
                0x0800e118       0x20 c:/users/administrator/.iotlink/tools/gcc-arm-none-eabi/bin/../lib/gcc/arm-none-eabi/9.2.1/../../../../arm-none-eabi/lib/thumb/v7e-m+fp/hard\libc_nano.a(lib_a-closer.o)
                0x0800e118                _close_r
 .text.quorem   0x0800e138      0x116 c:/users/administrator/.iotlink/tools/gcc-arm-none-eabi/bin/../lib/gcc/arm-none-eabi/9.2.1/../../../../arm-none-eabi/lib/thumb/v7e-m+fp/hard\libc_nano.a(lib_a-dtoa.o)
 *fill*         0x0800e24e        0x2 
 .text._dtoa_r  0x0800e250      0xbbc c:/users/administrator/.iotlink/tools/gcc-arm-none-eabi/bin/../lib/gcc/arm-none-eabi/9.2.1/../../../../arm-none-eabi/lib/thumb/v7e-m+fp/hard\libc_nano.a(lib_a-dtoa.o)
                0x0800e250                _dtoa_r
 .text._getc_r  0x0800ee0c       0x80 c:/users/administrator/.iotlink/tools/gcc-arm-none-eabi/bin/../lib/gcc/arm-none-eabi/9.2.1/../../../../arm-none-eabi/lib/thumb/v7e-m+fp/hard\libc_nano.a(lib_a-getc.o)
                0x0800ee0c                _getc_r
 .text._localeconv_r
                0x0800ee8c        0x8 c:/users/administrator/.iotlink/tools/gcc-arm-none-eabi/bin/../lib/gcc/arm-none-eabi/9.2.1/../../../../arm-none-eabi/lib/thumb/v7e-m+fp/hard\libc_nano.a(lib_a-localeconv.o)
                0x0800ee8c                _localeconv_r
 .text._lseek_r
                0x0800ee94       0x24 c:/users/administrator/.iotlink/tools/gcc-arm-none-eabi/bin/../lib/gcc/arm-none-eabi/9.2.1/../../../../arm-none-eabi/lib/thumb/v7e-m+fp/hard\libc_nano.a(lib_a-lseekr.o)
                0x0800ee94                _lseek_r
 .text.__swhatbuf_r
                0x0800eeb8       0x48 c:/users/administrator/.iotlink/tools/gcc-arm-none-eabi/bin/../lib/gcc/arm-none-eabi/9.2.1/../../../../arm-none-eabi/lib/thumb/v7e-m+fp/hard\libc_nano.a(lib_a-makebuf.o)
                0x0800eeb8                __swhatbuf_r
 .text.__smakebuf_r
                0x0800ef00       0x80 c:/users/administrator/.iotlink/tools/gcc-arm-none-eabi/bin/../lib/gcc/arm-none-eabi/9.2.1/../../../../arm-none-eabi/lib/thumb/v7e-m+fp/hard\libc_nano.a(lib_a-makebuf.o)
                0x0800ef00                __smakebuf_r
 .text.__ascii_mbtowc
                0x0800ef80       0x24 c:/users/administrator/.iotlink/tools/gcc-arm-none-eabi/bin/../lib/gcc/arm-none-eabi/9.2.1/../../../../arm-none-eabi/lib/thumb/v7e-m+fp/hard\libc_nano.a(lib_a-mbtowc_r.o)
                0x0800ef80                __ascii_mbtowc
 .text._Balloc  0x0800efa4       0x68 c:/users/administrator/.iotlink/tools/gcc-arm-none-eabi/bin/../lib/gcc/arm-none-eabi/9.2.1/../../../../arm-none-eabi/lib/thumb/v7e-m+fp/hard\libc_nano.a(lib_a-mprec.o)
                0x0800efa4                _Balloc
 .text._Bfree   0x0800f00c       0x2e c:/users/administrator/.iotlink/tools/gcc-arm-none-eabi/bin/../lib/gcc/arm-none-eabi/9.2.1/../../../../arm-none-eabi/lib/thumb/v7e-m+fp/hard\libc_nano.a(lib_a-mprec.o)
                0x0800f00c                _Bfree
 .text.__multadd
                0x0800f03a       0x7c c:/users/administrator/.iotlink/tools/gcc-arm-none-eabi/bin/../lib/gcc/arm-none-eabi/9.2.1/../../../../arm-none-eabi/lib/thumb/v7e-m+fp/hard\libc_nano.a(lib_a-mprec.o)
                0x0800f03a                __multadd
 .text.__hi0bits
                0x0800f0b6       0x40 c:/users/administrator/.iotlink/tools/gcc-arm-none-eabi/bin/../lib/gcc/arm-none-eabi/9.2.1/../../../../arm-none-eabi/lib/thumb/v7e-m+fp/hard\libc_nano.a(lib_a-mprec.o)
                0x0800f0b6                __hi0bits
 .text.__lo0bits
                0x0800f0f6       0x60 c:/users/administrator/.iotlink/tools/gcc-arm-none-eabi/bin/../lib/gcc/arm-none-eabi/9.2.1/../../../../arm-none-eabi/lib/thumb/v7e-m+fp/hard\libc_nano.a(lib_a-mprec.o)
                0x0800f0f6                __lo0bits
 .text.__i2b    0x0800f156       0x12 c:/users/administrator/.iotlink/tools/gcc-arm-none-eabi/bin/../lib/gcc/arm-none-eabi/9.2.1/../../../../arm-none-eabi/lib/thumb/v7e-m+fp/hard\libc_nano.a(lib_a-mprec.o)
                0x0800f156                __i2b
 .text.__multiply
                0x0800f168      0x138 c:/users/administrator/.iotlink/tools/gcc-arm-none-eabi/bin/../lib/gcc/arm-none-eabi/9.2.1/../../../../arm-none-eabi/lib/thumb/v7e-m+fp/hard\libc_nano.a(lib_a-mprec.o)
                0x0800f168                __multiply
 .text.__pow5mult
                0x0800f2a0       0x9c c:/users/administrator/.iotlink/tools/gcc-arm-none-eabi/bin/../lib/gcc/arm-none-eabi/9.2.1/../../../../arm-none-eabi/lib/thumb/v7e-m+fp/hard\libc_nano.a(lib_a-mprec.o)
                0x0800f2a0                __pow5mult
 .text.__lshift
                0x0800f33c       0xbe c:/users/administrator/.iotlink/tools/gcc-arm-none-eabi/bin/../lib/gcc/arm-none-eabi/9.2.1/../../../../arm-none-eabi/lib/thumb/v7e-m+fp/hard\libc_nano.a(lib_a-mprec.o)
                0x0800f33c                __lshift
 .text.__mcmp   0x0800f3fa       0x38 c:/users/administrator/.iotlink/tools/gcc-arm-none-eabi/bin/../lib/gcc/arm-none-eabi/9.2.1/../../../../arm-none-eabi/lib/thumb/v7e-m+fp/hard\libc_nano.a(lib_a-mprec.o)
                0x0800f3fa                __mcmp
 .text.__mdiff  0x0800f432       0xec c:/users/administrator/.iotlink/tools/gcc-arm-none-eabi/bin/../lib/gcc/arm-none-eabi/9.2.1/../../../../arm-none-eabi/lib/thumb/v7e-m+fp/hard\libc_nano.a(lib_a-mprec.o)
                0x0800f432                __mdiff
 .text.__d2b    0x0800f51e       0xa0 c:/users/administrator/.iotlink/tools/gcc-arm-none-eabi/bin/../lib/gcc/arm-none-eabi/9.2.1/../../../../arm-none-eabi/lib/thumb/v7e-m+fp/hard\libc_nano.a(lib_a-mprec.o)
                0x0800f51e                __d2b
 .text.__ssputs_r
                0x0800f5be       0xb6 c:/users/administrator/.iotlink/tools/gcc-arm-none-eabi/bin/../lib/gcc/arm-none-eabi/9.2.1/../../../../arm-none-eabi/lib/thumb/v7e-m+fp/hard\libc_nano.a(lib_a-nano-svfprintf.o)
                0x0800f5be                __ssputs_r
 .text._svfprintf_r
                0x0800f674      0x200 c:/users/administrator/.iotlink/tools/gcc-arm-none-eabi/bin/../lib/gcc/arm-none-eabi/9.2.1/../../../../arm-none-eabi/lib/thumb/v7e-m+fp/hard\libc_nano.a(lib_a-nano-svfprintf.o)
                0x0800f674                _svfiprintf_r
                0x0800f674                _svfprintf_r
 .text.__sfputc_r
                0x0800f874       0x2e c:/users/administrator/.iotlink/tools/gcc-arm-none-eabi/bin/../lib/gcc/arm-none-eabi/9.2.1/../../../../arm-none-eabi/lib/thumb/v7e-m+fp/hard\libc_nano.a(lib_a-nano-vfprintf.o)
 .text.__sfputs_r
                0x0800f8a2       0x24 c:/users/administrator/.iotlink/tools/gcc-arm-none-eabi/bin/../lib/gcc/arm-none-eabi/9.2.1/../../../../arm-none-eabi/lib/thumb/v7e-m+fp/hard\libc_nano.a(lib_a-nano-vfprintf.o)
                0x0800f8a2                __sfputs_r
 *fill*         0x0800f8c6        0x2 
 .text._vfprintf_r
                0x0800f8c8      0x260 c:/users/administrator/.iotlink/tools/gcc-arm-none-eabi/bin/../lib/gcc/arm-none-eabi/9.2.1/../../../../arm-none-eabi/lib/thumb/v7e-m+fp/hard\libc_nano.a(lib_a-nano-vfprintf.o)
                0x0800f8c8                _vfprintf_r
                0x0800f8c8                _vfiprintf_r
 .text._putc_r  0x0800fb28       0x90 c:/users/administrator/.iotlink/tools/gcc-arm-none-eabi/bin/../lib/gcc/arm-none-eabi/9.2.1/../../../../arm-none-eabi/lib/thumb/v7e-m+fp/hard\libc_nano.a(lib_a-putc.o)
                0x0800fb28                _putc_r
 .text._read_r  0x0800fbb8       0x24 c:/users/administrator/.iotlink/tools/gcc-arm-none-eabi/bin/../lib/gcc/arm-none-eabi/9.2.1/../../../../arm-none-eabi/lib/thumb/v7e-m+fp/hard\libc_nano.a(lib_a-readr.o)
                0x0800fbb8                _read_r
 .text.__srget_r
                0x0800fbdc       0x58 c:/users/administrator/.iotlink/tools/gcc-arm-none-eabi/bin/../lib/gcc/arm-none-eabi/9.2.1/../../../../arm-none-eabi/lib/thumb/v7e-m+fp/hard\libc_nano.a(lib_a-rget.o)
                0x0800fbdc                __srget_r
 .text.__ascii_wctomb
                0x0800fc34       0x1a c:/users/administrator/.iotlink/tools/gcc-arm-none-eabi/bin/../lib/gcc/arm-none-eabi/9.2.1/../../../../arm-none-eabi/lib/thumb/v7e-m+fp/hard\libc_nano.a(lib_a-wctomb_r.o)
                0x0800fc34                __ascii_wctomb
 *fill*         0x0800fc4e        0x2 
 .text._fstat_r
                0x0800fc50       0x24 c:/users/administrator/.iotlink/tools/gcc-arm-none-eabi/bin/../lib/gcc/arm-none-eabi/9.2.1/../../../../arm-none-eabi/lib/thumb/v7e-m+fp/hard\libc_nano.a(lib_a-fstatr.o)
                0x0800fc50                _fstat_r
 .text._isatty_r
                0x0800fc74       0x20 c:/users/administrator/.iotlink/tools/gcc-arm-none-eabi/bin/../lib/gcc/arm-none-eabi/9.2.1/../../../../arm-none-eabi/lib/thumb/v7e-m+fp/hard\libc_nano.a(lib_a-isattyr.o)
                0x0800fc74                _isatty_r
 .text.memmove  0x0800fc94       0x34 c:/users/administrator/.iotlink/tools/gcc-arm-none-eabi/bin/../lib/gcc/arm-none-eabi/9.2.1/../../../../arm-none-eabi/lib/thumb/v7e-m+fp/hard\libc_nano.a(lib_a-memmove.o)
                0x0800fc94                memmove
 .text.lflush   0x0800fcc8       0x12 c:/users/administrator/.iotlink/tools/gcc-arm-none-eabi/bin/../lib/gcc/arm-none-eabi/9.2.1/../../../../arm-none-eabi/lib/thumb/v7e-m+fp/hard\libc_nano.a(lib_a-refill.o)
 *fill*         0x0800fcda        0x2 
 .text.__srefill_r
                0x0800fcdc      0x114 c:/users/administrator/.iotlink/tools/gcc-arm-none-eabi/bin/../lib/gcc/arm-none-eabi/9.2.1/../../../../arm-none-eabi/lib/thumb/v7e-m+fp/hard\libc_nano.a(lib_a-refill.o)
                0x0800fcdc                __srefill_r
 .text._close   0x0800fdf0       0x10 c:/users/administrator/.iotlink/tools/gcc-arm-none-eabi/bin/../lib/gcc/arm-none-eabi/9.2.1/../../../../arm-none-eabi/lib/thumb/v7e-m+fp/hard\libnosys.a(close.o)
                0x0800fdf0                _close
 .text._fstat   0x0800fe00       0x10 c:/users/administrator/.iotlink/tools/gcc-arm-none-eabi/bin/../lib/gcc/arm-none-eabi/9.2.1/../../../../arm-none-eabi/lib/thumb/v7e-m+fp/hard\libnosys.a(fstat.o)
                0x0800fe00                _fstat
 .text._isatty  0x0800fe10       0x10 c:/users/administrator/.iotlink/tools/gcc-arm-none-eabi/bin/../lib/gcc/arm-none-eabi/9.2.1/../../../../arm-none-eabi/lib/thumb/v7e-m+fp/hard\libnosys.a(isatty.o)
                0x0800fe10                _isatty
 .text._lseek   0x0800fe20       0x10 c:/users/administrator/.iotlink/tools/gcc-arm-none-eabi/bin/../lib/gcc/arm-none-eabi/9.2.1/../../../../arm-none-eabi/lib/thumb/v7e-m+fp/hard\libnosys.a(lseek.o)
                0x0800fe20                _lseek
 *(.glue_7)
 .glue_7        0x0800fe30        0x0 linker stubs
 *(.glue_7t)
 .glue_7t       0x0800fe30        0x0 linker stubs
 *(.eh_frame)
 .eh_frame      0x0800fe30        0x0 c:/users/administrator/.iotlink/tools/gcc-arm-none-eabi/bin/../lib/gcc/arm-none-eabi/9.2.1/thumb/v7e-m+fp/hard/crtbegin.o
 *(.init)
 .init          0x0800fe30        0x4 c:/users/administrator/.iotlink/tools/gcc-arm-none-eabi/bin/../lib/gcc/arm-none-eabi/9.2.1/thumb/v7e-m+fp/hard/crti.o
                0x0800fe30                _init
 .init          0x0800fe34        0x8 c:/users/administrator/.iotlink/tools/gcc-arm-none-eabi/bin/../lib/gcc/arm-none-eabi/9.2.1/thumb/v7e-m+fp/hard/crtn.o
 *(.fini)
 .fini          0x0800fe3c        0x4 c:/users/administrator/.iotlink/tools/gcc-arm-none-eabi/bin/../lib/gcc/arm-none-eabi/9.2.1/thumb/v7e-m+fp/hard/crti.o
                0x0800fe3c                _fini
 .fini          0x0800fe40        0x8 c:/users/administrator/.iotlink/tools/gcc-arm-none-eabi/bin/../lib/gcc/arm-none-eabi/9.2.1/thumb/v7e-m+fp/hard/crtn.o
                0x0800fe48                . = ALIGN (0x8)
                0x0800fe48                _etext = .

.vfp11_veneer   0x0800fe48        0x0
 .vfp11_veneer  0x0800fe48        0x0 linker stubs

.v4_bx          0x0800fe48        0x0
 .v4_bx         0x0800fe48        0x0 linker stubs

.iplt           0x0800fe48        0x0
 .iplt          0x0800fe48        0x0 c:/users/administrator/.iotlink/tools/gcc-arm-none-eabi/bin/../lib/gcc/arm-none-eabi/9.2.1/thumb/v7e-m+fp/hard/crtbegin.o

.rodata         0x0800fe48     0x6370
                0x0800fe48                . = ALIGN (0x4)
                0x0800fe48                __oshell_start = .
 *(oshell)
 oshell         0x0800fe48       0x20 build/iot_link/shell/shell_cmd.o
 oshell         0x0800fe68       0x30 build/iot_link/shell/shell_test.o
 oshell         0x0800fe98       0x10 build/iot_link/stimer/stimer.o
 oshell         0x0800fea8       0x10 build/iot_link/driver/driver.o
 oshell         0x0800feb8       0x20 build/iot_link/at/at.o
                0x0800fed8                __oshell_end = .
                0x0800fed8                . = ALIGN (0x4)
                0x0800fed8                __osdriv_start = .
 *(osdriv)
 osdriv         0x0800fed8       0x10 build/uart_at/uart_at.o
                0x0800fee8                __osdriv_end = .
                0x0800fee8                . = ALIGN (0x8)
 *(.rodata)
 .rodata        0x0800fee8       0x36 build/iot_link/link_log/link_log.o
 *fill*         0x0800ff1e        0x2 
 .rodata        0x0800ff20       0x16 build/iot_link/os/liteos/arch/arm/arm-m/src/los_hwi.o
 *fill*         0x0800ff36        0x2 
 .rodata        0x0800ff38        0x7 build/iot_link/os/liteos/liteos_imp.o
 *fill*         0x0800ff3f        0x1 
 .rodata        0x0800ff40       0x5e build/iot_link/os/liteos/los_init.o
 *fill*         0x0800ff9e        0x2 
 .rodata        0x0800ffa0      0x24a build/iot_link/os/liteos/base/core/los_task.o
 *fill*         0x080101ea        0x2 
 .rodata        0x080101ec       0x5d build/iot_link/os/liteos/base/ipc/los_sem.o
 *fill*         0x08010249        0x3 
 .rodata        0x0801024c       0x3d build/iot_link/os/liteos/base/ipc/los_mux.o
 *fill*         0x08010289        0x3 
 .rodata        0x0801028c      0x1a3 build/iot_link/os/liteos/base/mem/heap/los_heap.o
 *fill*         0x0801042f        0x1 
 .rodata        0x08010430      0x175 build/iot_link/shell/shell_cmd.o
 *fill*         0x080105a5        0x3 
 .rodata        0x080105a8       0x51 build/iot_link/shell/shell_main.o
 *fill*         0x080105f9        0x3 
 .rodata        0x080105fc       0x43 build/iot_link/shell/shell_test.o
 *fill*         0x0801063f        0x1 
 .rodata        0x08010640       0xfb build/iot_link/stimer/stimer.o
 *fill*         0x0801073b        0x1 
 .rodata        0x0801073c       0xe7 build/iot_link/driver/driver.o
 *fill*         0x08010823        0x1 
 .rodata        0x08010824      0x2a9 build/iot_link/at/at.o
 *fill*         0x08010acd        0x3 
 .rodata        0x08010ad0       0xbf build/iot_link/oc/oc_lwm2m/oc_lwm2m_al/oc_lwm2m_al.o
 *fill*         0x08010b8f        0x1 
 .rodata        0x08010b90      0x3ab build/iot_link/oc/oc_lwm2m/boudica150_oc/boudica150_oc.o
 *fill*         0x08010f3b        0x1 
 .rodata        0x08010f3c       0x51 build/iot_link/link_main.o
 *fill*         0x08010f8d        0x3 
 .rodata        0x08010f90       0x6e build/Src/main.o
 *fill*         0x08010ffe        0x2 
 .rodata        0x08011000       0x32 build/Src/sys_init.o
 *fill*         0x08011032        0x2 
 .rodata        0x08011034       0x2d build/Src/i2c.o
 *fill*         0x08011061        0x3 
 .rodata        0x08011064       0x2d build/Src/spi.o
 *fill*         0x08011091        0x3 
 .rodata        0x08011094       0x56 build/uart_at/uart_at.o
 *fill*         0x080110ea        0x2 
 .rodata        0x080110ec       0x2b build/Demos/hello_world_demo/hello_world_demo.o
 *(.rodata*)
 *fill*         0x08011117        0x1 
 .rodata.__FUNCTION__.10958
                0x08011118       0x14 build/iot_link/os/liteos/arch/arm/arm-m/src/los_hwi.o
 .rodata.s_liteos_ops
                0x0801112c       0x58 build/iot_link/os/liteos/liteos_imp.o
 .rodata.s_link_liteos
                0x08011184        0x8 build/iot_link/os/liteos/liteos_imp.o
 .rodata.__FUNCTION__.7296
                0x0801118c        0xf build/iot_link/shell/shell_cmd.o
 *fill*         0x0801119b        0x1 
 .rodata.__FUNCTION__.7337
                0x0801119c       0x12 build/iot_link/shell/shell_cmd.o
 *fill*         0x080111ae        0x2 
 .rodata.__FUNCTION__.7352
                0x080111b0       0x11 build/iot_link/shell/shell_cmd.o
 *fill*         0x080111c1        0x3 
 .rodata.__FUNCTION__.7035
                0x080111c4       0x13 build/iot_link/shell/shell_main.o
 *fill*         0x080111d7        0x1 
 .rodata.__FUNCTION__.11339
                0x080111d8        0xd build/iot_link/shell/shell_test.o
 *fill*         0x080111e5        0x3 
 .rodata.__FUNCTION__.7463
                0x080111e8        0xd build/iot_link/stimer/stimer.o
 *fill*         0x080111f5        0x3 
 .rodata.__FUNCTION__.7754
                0x080111f8       0x12 build/iot_link/driver/driver.o
 *fill*         0x0801120a        0x2 
 .rodata.__FUNCTION__.7659
                0x0801120c        0xb build/iot_link/at/at.o
 *fill*         0x08011217        0x1 
 .rodata.__FUNCTION__.7675
                0x08011218        0xb build/iot_link/at/at.o
 *fill*         0x08011223        0x1 
 .rodata.__FUNCTION__.7719
                0x08011224       0x11 build/iot_link/at/at.o
 *fill*         0x08011235        0x3 
 .rodata.__FUNCTION__.7751
                0x08011238        0x8 build/iot_link/at/at.o
 .rodata.__FUNCTION__.7779
                0x08011240        0x9 build/iot_link/at/at.o
 *fill*         0x08011249        0x3 
 .rodata.__FUNCTION__.7786
                0x0801124c        0xe build/iot_link/at/at.o
 *fill*         0x0801125a        0x2 
 .rodata.__FUNCTION__.7449
                0x0801125c        0xe build/iot_link/oc/oc_lwm2m/oc_lwm2m_al/oc_lwm2m_al.o
 *fill*         0x0801126a        0x2 
 .rodata.g_boudica150_oc_opt
                0x0801126c        0xc build/iot_link/oc/oc_lwm2m/boudica150_oc/boudica150_oc.o
                0x0801126c                g_boudica150_oc_opt
 .rodata.__FUNCTION__.7087
                0x08011278       0x13 build/iot_link/oc/oc_lwm2m/boudica150_oc/boudica150_oc.o
 *fill*         0x0801128b        0x1 
 .rodata.__FUNCTION__.7158
                0x0801128c        0xe build/iot_link/oc/oc_lwm2m/boudica150_oc/boudica150_oc.o
 *fill*         0x0801129a        0x2 
 .rodata.__FUNCTION__.7192
                0x0801129c       0x10 build/iot_link/oc/oc_lwm2m/boudica150_oc/boudica150_oc.o
 .rodata.__FUNCTION__.6728
                0x080112ac        0xa build/iot_link/link_main.o